MPLINK 4.1, Linker
Linker Map File - Created Sat Mar 29 09:51:01 2008

                                 Section Info
                  Section       Type    Address   Location Size(Bytes)
                ---------  ---------  ---------  ---------  ---------
               _entry_scn       code   0x000800    program   0x000006
        .idata_stdout.o_i    romdata   0x000806    program   0x000002
    Interrupt_Vector_High       code   0x000808    program   0x000006
          .code_adcbusy.o       code   0x00080e    program   0x00000a
     Interrupt_Vector_Low       code   0x000818    program   0x000006
                   .cinit    romdata   0x00081e    program   0x00006e
          .code_mecanum.o       code   0x00088c    program   0x002368
           .code_action.o       code   0x002bf4    program   0x000e6e
         .code_vfprintf.o       code   0x003a62    program   0x000c22
        .code_auto_util.o       code   0x004684    program   0x000bd6
  .code_ifi_frc_library.o       code   0x00525a    program   0x0006d4
              .code_arm.o       code   0x00592e    program   0x00064e
                     PROG       code   0x005f7c    program   0x000626
       .code_pneumatics.o       code   0x0065a2    program   0x0004a2
     .code_serial_ports.o       code   0x006a44    program   0x0003bc
       .code_autonomous.o       code   0x006e00    program   0x0002d2
          .code_ifi_frc.o       code   0x0070d2    program   0x000228
              .code_pwm.o       code   0x0072fa    program   0x0001b4
         .code_ifi_code.o       code   0x0074ae    program   0x000180
               _cinit_scn       code   0x00762e    program   0x0000e4
           .code_teleop.o       code   0x007712    program   0x0000da
           .code_printf.o       code   0x0077ec    program   0x000098
             .code_putc.o       code   0x007884    program   0x000084
          .code_fxm3232.o       code   0x007908    program   0x000070
          .code_adcopen.o       code   0x007978    program   0x000068
                   STRING       code   0x0079e0    program   0x000066
         .code_fxd3232u.o       code   0x007a46    program   0x000048
          .code_adcread.o       code   0x007a8e    program   0x00003e
.romdata_ifi_frc_library.o    romdata   0x007acc    program   0x00003a
         .code_fxd1616u.o       code   0x007b06    program   0x00002c
             .stringtable    romdata   0x007b32    program   0x000025
             _startup_scn       code   0x007b58    program   0x000024
                    CTYPE       code   0x007b7c    program   0x000024
                    STDIO       code   0x007ba0    program   0x00001c
              D10TCYXCODE       code   0x007bbc    program   0x000016
      .romdata_vfprintf.o    romdata   0x007bd2    program   0x000011
         .code_disabled.o       code   0x007be4    program   0x000008
         .code_adcclose.o       code   0x007bec    program   0x000006
          .code_adcconv.o       code   0x007bf2    program   0x000004
        .idata_teleop.o_i    romdata   0x007bf6    program   0x000003
  .idata_serial_ports.o_i    romdata   0x007bf9    program   0x000019
    .idata_pneumatics.o_i    romdata   0x007c12    program   0x000002
       .idata_mecanum.o_i    romdata   0x007c14    program   0x000050
       .idata_ifi_frc.o_i    romdata   0x007c64    program   0x000004
    .idata_autonomous.o_i    romdata   0x007c68    program   0x000006
     .idata_auto_util.o_i    romdata   0x007c6e    program   0x00002a
           .idata_arm.o_i    romdata   0x007c98    program   0x00000c
.config_300001_ifi_frc_library.o    romdata   0x300001    program   0x000001
.config_300002_ifi_frc_library.o    romdata   0x300002    program   0x000001
.config_300003_ifi_frc_library.o    romdata   0x300003    program   0x000001
.config_300004_ifi_frc_library.o    romdata   0x300004    program   0x000001
.config_300005_ifi_frc_library.o    romdata   0x300005    program   0x000001
.config_300006_ifi_frc_library.o    romdata   0x300006    program   0x000001
.config_300008_ifi_frc_library.o    romdata   0x300008    program   0x000001
.config_300009_ifi_frc_library.o    romdata   0x300009    program   0x000001
.config_30000a_ifi_frc_library.o    romdata   0x30000a    program   0x000001
.config_30000b_ifi_frc_library.o    romdata   0x30000b    program   0x000001
.config_30000c_ifi_frc_library.o    romdata   0x30000c    program   0x000001
.config_30000d_ifi_frc_library.o    romdata   0x30000d    program   0x000001
                 .tmpdata      udata   0x000000       data   0x000030
                MATH_DATA      udata   0x000030       data   0x000014
    .udata_serial_ports.o      udata   0x000060       data   0x000080
    .idata_serial_ports.o      idata   0x0000e0       data   0x000019
             .udata_arm.o      udata   0x0000f9       data   0x000006
          .udata_teleop.o      udata   0x0000ff       data   0x000001
 .udata_ifi_frc_library.o      udata   0x000100       data   0x0000cd
       .idata_auto_util.o      idata   0x0001cd       data   0x00002a
      .idata_autonomous.o      idata   0x0001f7       data   0x000006
          .idata_teleop.o      idata   0x0001fd       data   0x000003
         .idata_mecanum.o      idata   0x000200       data   0x000050
      .udata_autonomous.o      udata   0x000250       data   0x00003a
       .udata_auto_util.o      udata   0x00028a       data   0x000038
             .idata_arm.o      idata   0x0002c2       data   0x00000c
         .udata_ifi_frc.o      udata   0x0002ce       data   0x00000a
         .idata_ifi_frc.o      idata   0x0002d8       data   0x000004
      .udata_interrupts.o      udata   0x0002dc       data   0x000002
        .udata_ifi_code.o      udata   0x0002de       data   0x000002
          .idata_stdout.o      idata   0x0002e0       data   0x000002
      .idata_pneumatics.o      idata   0x0002e2       data   0x000002
                   .stack      udata   0x000e00       data   0x000100
            SFR_UNBANKED0      udata   0x000f62       data   0x00009e



                              Program Memory Usage 
                               Start         End      
                           ---------   ---------      
                            0x000800    0x007b56      
                            0x007b58    0x007be2      
                            0x007be4    0x007ca3      
                            0x300001    0x300006      
                            0x300008    0x30000d      
            29870 out of 132120 program addresses used, program memory utilization is 22%



                              Symbols - Sorted by Name
                     Name    Address   Location    Storage File                     
                ---------  ---------  ---------  --------- ---------                
               Autonomous   0x006e28    program     extern C:\nemo\autonomous.c     
          Autonomous_Init   0x006e00    program     extern C:\nemo\autonomous.c     
          Autonomous_Spin   0x0070d0    program     extern C:\nemo\autonomous.c     
                  BusyADC   0x00080e    program     extern C:\MCC18\src\TRADIT~1\pmc\ADC\adcbusy.c
       Clear_SPIdata_flag   0x005476    program     extern C:\2008 FRC\frc_library\ifi_frc_library.c
                 CloseADC   0x007bec    program     extern C:\MCC18\src\TRADIT~1\pmc\ADC\adcclose.c
      Configuration_Check   0x005480    program     extern C:\2008 FRC\frc_library\ifi_frc_library.c
               ConvertADC   0x007bf2    program     extern C:\MCC18\src\TRADIT~1\pmc\ADC\adcconv.c
                    D10_1   0x007bcc    program     static C:\MCC18\SRC\TRADIT~1\DELAYS\d10tcyx.asm
                     D10x   0x007bc4    program     static C:\MCC18\SRC\TRADIT~1\DELAYS\d10tcyx.asm
                   D1616S   0x006298    program     static C:\MCC18\SRC\TRADIT~1\MATH\fxd1616s.asm
                D1616SNEG   0x0062a6    program     static C:\MCC18\SRC\TRADIT~1\MATH\fxd1616s.asm
                 D1616SOK   0x0062a2    program     static C:\MCC18\SRC\TRADIT~1\MATH\fxd1616s.asm
                  D1616SX   0x0062b8    program     static C:\MCC18\SRC\TRADIT~1\MATH\fxd1616s.asm
                  DA1616S   0x006288    program     static C:\MCC18\SRC\TRADIT~1\MATH\fxd1616s.asm
              Delay10TCYx   0x007bbc    program     extern C:\MCC18\SRC\TRADIT~1\DELAYS\d10tcyx.asm
                 Disabled   0x007be6    program     extern C:\nemo\disabled.c       
            Disabled_Init   0x007be4    program     extern C:\nemo\disabled.c       
            Disabled_Spin   0x007bea    program     extern C:\nemo\disabled.c       
                 FLO0832S   0x005f80    program     extern C:\MCC18\SRC\TRADIT~1\MATH\cast08FP.asm
                 FLO0832U   0x005f7c    program     extern C:\MCC18\SRC\TRADIT~1\MATH\cast08FP.asm
                 FLO1632S   0x005fa2    program     extern C:\MCC18\SRC\TRADIT~1\MATH\cast16FP.asm
                 FLO1632U   0x005f9e    program     extern C:\MCC18\SRC\TRADIT~1\MATH\cast16FP.asm
                    FPA32   0x005fca    program     extern C:\MCC18\SRC\TRADIT~1\MATH\addFP.asm
                    FPD32   0x0060f6    program     extern C:\MCC18\SRC\TRADIT~1\MATH\divFP.asm
                    FPM32   0x00619c    program     extern C:\MCC18\SRC\TRADIT~1\MATH\mulFP.asm
                    FPS32   0x005fc8    program     extern C:\MCC18\SRC\TRADIT~1\MATH\addFP.asm
                 FXD1616S   0x006276    program     extern C:\MCC18\SRC\TRADIT~1\MATH\fxd1616s.asm
                 FXD1616U   0x007b06    program     extern C:\MCC18\src\TRADIT~1\math\fxd1616u.c
                 FXD3232U   0x007a46    program     extern C:\MCC18\src\TRADIT~1\math\fxd3232u.c
                 FXM1616S   0x0062c2    program     extern C:\MCC18\SRC\TRADIT~1\MATH\fxm1616s.asm
                  FXM3232   0x007908    program     extern C:\MCC18\src\TRADIT~1\math\fxm3232.c
         Get_Analog_Value   0x0074ae    program     extern C:\nemo\ifi_code.c       
                  Getdata   0x00534a    program     extern C:\2008 FRC\frc_library\ifi_frc_library.c
       IFI_Initialization   0x00525a    program     extern C:\2008 FRC\frc_library\ifi_frc_library.c
                  INT3208   0x00631c    program     extern C:\MCC18\SRC\TRADIT~1\MATH\castFP08.asm
                  INT3216   0x00636a    program     extern C:\MCC18\SRC\TRADIT~1\MATH\castFP16.asm
     Init_Serial_Port_One   0x006a44    program     extern C:\nemo\serial_ports.c   
     Init_Serial_Port_Two   0x006aea    program     extern C:\nemo\serial_ports.c   
           Initialization   0x007712    program     extern C:\nemo\teleop.c         
           Initialize_PWM   0x0072fa    program     extern C:\nemo\pwm.c            
     Initialize_Registers   0x0052d4    program     extern C:\2008 FRC\frc_library\ifi_frc_library.c
   Interrupt_Handler_High   0x00585a    program     extern C:\2008 FRC\frc_library\ifi_frc_library.c
    Interrupt_Handler_Low   0x007230    program     extern C:\nemo\ifi_frc.c        
    Interrupt_Vector_High   0x000808    program     extern C:\2008 FRC\frc_library\ifi_frc_library.c
     Interrupt_Vector_Low   0x000818    program     extern C:\nemo\ifi_frc.c        
                     LEDs   0x006812    program     extern C:\nemo\pneumatics.c     
                Limit_Mix   0x0075b0    program     extern C:\nemo\ifi_code.c       
         Limit_Switch_Max   0x00753c    program     extern C:\nemo\ifi_code.c       
         Limit_Switch_Min   0x007574    program     extern C:\nemo\ifi_code.c       
                  OpenADC   0x007978    program     extern C:\MCC18\src\TRADIT~1\pmc\ADC\adcopen.c
                      PWM   0x007312    program     extern C:\nemo\pwm.c            
                  Putdata   0x0053bc    program     extern C:\2008 FRC\frc_library\ifi_frc_library.c
                  ReadADC   0x007a8e    program     extern C:\MCC18\src\TRADIT~1\pmc\ADC\adcread.c
     Read_Serial_Port_One   0x006bd0    program     extern C:\nemo\serial_ports.c   
     Read_Serial_Port_Two   0x006c1c    program     extern C:\nemo\serial_ports.c   
            Reset_Outputs   0x0076cc    program     extern C:\nemo\ifi_frc.c        
                 Rx_1_ISR   0x006cec    program     extern C:\nemo\serial_ports.c   
                 Rx_2_ISR   0x006d2a    program     extern C:\nemo\serial_ports.c   
Serial_Port_One_Byte_Count   0x006b90    program     extern C:\nemo\serial_ports.c   
Serial_Port_Two_Byte_Count   0x006bb0    program     extern C:\nemo\serial_ports.c   
                  TAGTB32   0x0063c8    program     extern C:\MCC18\SRC\TRADIT~1\MATH\gtFP.asm
                  TALTB32   0x0063da    program     extern C:\MCC18\SRC\TRADIT~1\MATH\ltFP.asm
               TSIGN1616A   0x00630e    program     static C:\MCC18\SRC\TRADIT~1\MATH\fxm1616s.asm
                   Teleop   0x007774    program     extern C:\nemo\teleop.c         
              Teleop_Init   0x007772    program     extern C:\nemo\teleop.c         
              Teleop_Spin   0x0077ea    program     extern C:\nemo\teleop.c         
                 Tx_1_ISR   0x006d68    program     extern C:\nemo\serial_ports.c   
                 Tx_2_ISR   0x006d98    program     extern C:\nemo\serial_ports.c   
       User_Proc_Is_Ready   0x005340    program     extern C:\2008 FRC\frc_library\ifi_frc_library.c
    Write_Serial_Port_One   0x006c68    program     extern C:\nemo\serial_ports.c   
    Write_Serial_Port_Two   0x006caa    program     extern C:\nemo\serial_ports.c   
                   _2jEnd   0x007a30    program     static C:\MCC18\SRC\TRADIT~1\STDCLIB\slenpgm.asm
        _D10TCYXCODE_000A   0x007bc6    program     static C:\MCC18\SRC\TRADIT~1\DELAYS\d10tcyx.asm
        _D10TCYXCODE_000C   0x007bc8    program     static C:\MCC18\SRC\TRADIT~1\DELAYS\d10tcyx.asm
        _D10TCYXCODE_000E   0x007bca    program     static C:\MCC18\SRC\TRADIT~1\DELAYS\d10tcyx.asm
              __FpCompare   0x0063ec    program     extern C:\MCC18\SRC\TRADIT~1\MATH\compFP.asm
                 __FpExit   0x0064a2    program     extern C:\MCC18\SRC\TRADIT~1\MATH\packFP.asm
                 __FpPack   0x0064ce    program     extern C:\MCC18\SRC\TRADIT~1\MATH\packFP.asm
            __FpReturnNaN   0x006496    program     extern C:\MCC18\SRC\TRADIT~1\MATH\packFP.asm
         __FpReturnNegInf   0x0064a8    program     extern C:\MCC18\SRC\TRADIT~1\MATH\packFP.asm
        __FpReturnNegZero   0x0064c0    program     extern C:\MCC18\SRC\TRADIT~1\MATH\packFP.asm
         __FpReturnPosInf   0x0064ae    program     extern C:\MCC18\SRC\TRADIT~1\MATH\packFP.asm
        __FpReturnPosZero   0x0064c8    program     extern C:\MCC18\SRC\TRADIT~1\MATH\packFP.asm
        __FpReturnSignInf   0x0064a4    program     extern C:\MCC18\SRC\TRADIT~1\MATH\packFP.asm
       __FpReturnSignZero   0x0064bc    program     extern C:\MCC18\SRC\TRADIT~1\MATH\packFP.asm
              __FpReturnW   0x006526    program     extern C:\MCC18\SRC\TRADIT~1\MATH\packFP.asm
              __FpUnPackA   0x006546    program     extern C:\MCC18\SRC\TRADIT~1\MATH\UnpackFP.asm
              __FpUnPackB   0x006576    program     extern C:\MCC18\SRC\TRADIT~1\MATH\UnpackFP.asm
       ___return_lbl00000   0x007b30    program     static                          
       ___return_lbl00000   0x007976    program     static                          
       ___return_lbl00000   0x007a8c    program     static                          
       ___return_lbl00016   0x00081c    program     static                          
       ___return_lbl00029   0x000804    program     static                          
       ___return_lbl00030   0x007b7a    program     static                          
       ___return_lbl00031   0x0076ca    program     static                          
       ___return_lbl00058   0x00080c    program     static                          
               __config_0   0x300001    program     static C:\2008 FRC\frc_library\ifi_frc_library.c
               __config_1   0x300002    program     static C:\2008 FRC\frc_library\ifi_frc_library.c
              __config_10   0x30000c    program     static C:\2008 FRC\frc_library\ifi_frc_library.c
              __config_11   0x30000d    program     static C:\2008 FRC\frc_library\ifi_frc_library.c
               __config_2   0x300003    program     static C:\2008 FRC\frc_library\ifi_frc_library.c
               __config_3   0x300004    program     static C:\2008 FRC\frc_library\ifi_frc_library.c
               __config_4   0x300005    program     static C:\2008 FRC\frc_library\ifi_frc_library.c
               __config_5   0x300006    program     static C:\2008 FRC\frc_library\ifi_frc_library.c
               __config_6   0x300008    program     static C:\2008 FRC\frc_library\ifi_frc_library.c
               __config_7   0x300009    program     static C:\2008 FRC\frc_library\ifi_frc_library.c
               __config_8   0x30000a    program     static C:\2008 FRC\frc_library\ifi_frc_library.c
               __config_9   0x30000b    program     static C:\2008 FRC\frc_library\ifi_frc_library.c
                   __pa_0   0x0043a2    program     static C:\MCC18\src\TRADIT~1\stdclib\vfprintf.c
                   __pa_1   0x0043aa    program     static C:\MCC18\src\TRADIT~1\stdclib\vfprintf.c
                  __pa_10   0x00445e    program     static C:\MCC18\src\TRADIT~1\stdclib\vfprintf.c
                  __pa_11   0x00446c    program     static C:\MCC18\src\TRADIT~1\stdclib\vfprintf.c
                  __pa_12   0x004482    program     static C:\MCC18\src\TRADIT~1\stdclib\vfprintf.c
                  __pa_13   0x00449c    program     static C:\MCC18\src\TRADIT~1\stdclib\vfprintf.c
                  __pa_14   0x0044b4    program     static C:\MCC18\src\TRADIT~1\stdclib\vfprintf.c
                  __pa_15   0x0044c4    program     static C:\MCC18\src\TRADIT~1\stdclib\vfprintf.c
                  __pa_16   0x0044da    program     static C:\MCC18\src\TRADIT~1\stdclib\vfprintf.c
                  __pa_17   0x0044ec    program     static C:\MCC18\src\TRADIT~1\stdclib\vfprintf.c
                  __pa_18   0x0044fe    program     static C:\MCC18\src\TRADIT~1\stdclib\vfprintf.c
                  __pa_19   0x004508    program     static C:\MCC18\src\TRADIT~1\stdclib\vfprintf.c
                   __pa_2   0x0043b4    program     static C:\MCC18\src\TRADIT~1\stdclib\vfprintf.c
                  __pa_20   0x004518    program     static C:\MCC18\src\TRADIT~1\stdclib\vfprintf.c
                  __pa_21   0x004528    program     static C:\MCC18\src\TRADIT~1\stdclib\vfprintf.c
                  __pa_22   0x004538    program     static C:\MCC18\src\TRADIT~1\stdclib\vfprintf.c
                  __pa_23   0x004544    program     static C:\MCC18\src\TRADIT~1\stdclib\vfprintf.c
                  __pa_24   0x004552    program     static C:\MCC18\src\TRADIT~1\stdclib\vfprintf.c
                  __pa_25   0x00455a    program     static C:\MCC18\src\TRADIT~1\stdclib\vfprintf.c
                  __pa_26   0x004564    program     static C:\MCC18\src\TRADIT~1\stdclib\vfprintf.c
                  __pa_27   0x00456e    program     static C:\MCC18\src\TRADIT~1\stdclib\vfprintf.c
                  __pa_28   0x004576    program     static C:\MCC18\src\TRADIT~1\stdclib\vfprintf.c
                  __pa_29   0x004584    program     static C:\MCC18\src\TRADIT~1\stdclib\vfprintf.c
                   __pa_3   0x0043be    program     static C:\MCC18\src\TRADIT~1\stdclib\vfprintf.c
                  __pa_30   0x0045a0    program     static C:\MCC18\src\TRADIT~1\stdclib\vfprintf.c
                  __pa_31   0x0045ba    program     static C:\MCC18\src\TRADIT~1\stdclib\vfprintf.c
                  __pa_32   0x0045d4    program     static C:\MCC18\src\TRADIT~1\stdclib\vfprintf.c
                  __pa_33   0x0045ec    program     static C:\MCC18\src\TRADIT~1\stdclib\vfprintf.c
                  __pa_34   0x0045f6    program     static C:\MCC18\src\TRADIT~1\stdclib\vfprintf.c
                  __pa_35   0x004604    program     static C:\MCC18\src\TRADIT~1\stdclib\vfprintf.c
                  __pa_36   0x00460c    program     static C:\MCC18\src\TRADIT~1\stdclib\vfprintf.c
                  __pa_37   0x004616    program     static C:\MCC18\src\TRADIT~1\stdclib\vfprintf.c
                  __pa_38   0x004626    program     static C:\MCC18\src\TRADIT~1\stdclib\vfprintf.c
                  __pa_39   0x004634    program     static C:\MCC18\src\TRADIT~1\stdclib\vfprintf.c
                   __pa_4   0x0043d6    program     static C:\MCC18\src\TRADIT~1\stdclib\vfprintf.c
                  __pa_40   0x004640    program     static C:\MCC18\src\TRADIT~1\stdclib\vfprintf.c
                  __pa_41   0x00464c    program     static C:\MCC18\src\TRADIT~1\stdclib\vfprintf.c
                  __pa_42   0x004654    program     static C:\MCC18\src\TRADIT~1\stdclib\vfprintf.c
                  __pa_43   0x00465e    program     static C:\MCC18\src\TRADIT~1\stdclib\vfprintf.c
                  __pa_44   0x004664    program     static C:\MCC18\src\TRADIT~1\stdclib\vfprintf.c
                  __pa_45   0x00466e    program     static C:\MCC18\src\TRADIT~1\stdclib\vfprintf.c
                  __pa_46   0x00467a    program     static C:\MCC18\src\TRADIT~1\stdclib\vfprintf.c
                   __pa_5   0x0043ea    program     static C:\MCC18\src\TRADIT~1\stdclib\vfprintf.c
                   __pa_6   0x004406    program     static C:\MCC18\src\TRADIT~1\stdclib\vfprintf.c
                   __pa_7   0x004410    program     static C:\MCC18\src\TRADIT~1\stdclib\vfprintf.c
                   __pa_8   0x00441c    program     static C:\MCC18\src\TRADIT~1\stdclib\vfprintf.c
                   __pa_9   0x00443e    program     static C:\MCC18\src\TRADIT~1\stdclib\vfprintf.c
               __string_0   0x007b32    program     static C:\nemo\teleop.c         
              __tmplbl_42   0x004538    program     static                          
              __tmplbl_43   0x004380    program     static                          
              __tmplbl_44   0x004366    program     static                          
              __tmplbl_85   0x003ab8    program     static                          
                _do_cinit   0x00762e    program     extern C:\nemo\ifi_frc.c        
                   _entry   0x000800    program     extern C:\nemo\ifi_frc.c        
                   _false   0x007a88    program     static                          
                 _startup   0x007b58    program     extern C:\nemo\ifi_frc.c        
              _usart_putc   0x007ba0    program     extern C:\MCC18\SRC\TRADIT~1\PMC\USART\_usartpc.asm
               _user_putc   0x006dc8    program     extern C:\nemo\serial_ports.c   
                      abs   0x002aee    program     extern C:\nemo\mecanum.c        
               add_action   0x0038bc    program     static C:\nemo\action.c         
           changeArmState   0x00592e    program     extern C:\nemo\arm.c            
               clampValue   0x002b46    program     extern C:\nemo\mecanum.c        
               clear_loop   0x007b6a    program     static                          
               compressor   0x006a30    program     extern C:\nemo\pneumatics.c     
                copy_loop   0x0076a0    program     static                          
            copy_one_byte   0x0076a6    program     static                          
                copyright   0x007acc    program     extern C:\2008 FRC\frc_library\ifi_frc_library.c
                 del_head   0x0039c8    program     static C:\nemo\action.c         
           displace_catch   0x004876    program     extern C:\nemo\auto_util.c      
                     done   0x0076ca    program     static                          
             done_copying   0x0076b4    program     static                          
            driveBackward   0x002336    program     extern C:\nemo\mecanum.c        
             driveForward   0x0022f4    program     extern C:\nemo\mecanum.c        
                driveLeft   0x002388    program     extern C:\nemo\mecanum.c        
               driveRight   0x0023c8    program     extern C:\nemo\mecanum.c        
                  endloop   0x007b2c    program     static                          
              getArmState   0x005f70    program     extern C:\nemo\arm.c            
            getWristState   0x006a24    program     extern C:\nemo\pneumatics.c     
               get_action   0x002c82    program     extern C:\nemo\action.c         
                get_entry   0x007650    program     static                          
                gripClose   0x006932    program     extern C:\nemo\pneumatics.c     
                 gripOpen   0x006928    program     extern C:\nemo\pneumatics.c     
      holderFrontLeftDrop   0x006942    program     extern C:\nemo\pneumatics.c     
     holderFrontLeftRaise   0x00693e    program     extern C:\nemo\pneumatics.c     
     holderFrontRightDrop   0x00693a    program     extern C:\nemo\pneumatics.c     
    holderFrontRightRaise   0x006936    program     extern C:\nemo\pneumatics.c     
       holderRearLeftDrop   0x006952    program     extern C:\nemo\pneumatics.c     
      holderRearLeftRaise   0x00694e    program     extern C:\nemo\pneumatics.c     
      holderRearRightDrop   0x00694a    program     extern C:\nemo\pneumatics.c     
     holderRearRightRaise   0x006946    program     extern C:\nemo\pneumatics.c     
                   hurdle   0x004dc8    program     extern C:\nemo\auto_util.c      
                  inRange   0x006854    program     extern C:\nemo\pneumatics.c     
        init_action_queue   0x002bf4    program     extern C:\nemo\action.c         
     is_action_queue_done   0x002c44    program     extern C:\nemo\action.c         
                  isdigit   0x007b7c    program     extern C:\MCC18\SRC\TRADIT~1\STDCLIB\isdigit.asm
                 jANotInf   0x005ff2    program     static C:\MCC18\SRC\TRADIT~1\MATH\addFP.asm
                 jANotInf   0x006114    program     static C:\MCC18\SRC\TRADIT~1\MATH\divFP.asm
                 jANotInf   0x0061ba    program     static C:\MCC18\SRC\TRADIT~1\MATH\mulFP.asm
                 jANotNeg   0x006086    program     static C:\MCC18\SRC\TRADIT~1\MATH\addFP.asm
                jANotZero   0x006128    program     static C:\MCC18\SRC\TRADIT~1\MATH\divFP.asm
              jAandWsetup   0x006056    program     static C:\MCC18\SRC\TRADIT~1\MATH\addFP.asm
                  jAisNeg   0x006468    program     static C:\MCC18\SRC\TRADIT~1\MATH\compFP.asm
                 jAltBexp   0x006044    program     static C:\MCC18\SRC\TRADIT~1\MATH\addFP.asm
                jBANotInf   0x005fe8    program     static C:\MCC18\SRC\TRADIT~1\MATH\addFP.asm
                 jBNotInf   0x006000    program     static C:\MCC18\SRC\TRADIT~1\MATH\addFP.asm
              jBothFinite   0x0061c8    program     static C:\MCC18\SRC\TRADIT~1\MATH\mulFP.asm
             jBothNotZero   0x00640a    program     static C:\MCC18\SRC\TRADIT~1\MATH\compFP.asm
             jBothNotZero   0x0061d4    program     static C:\MCC18\SRC\TRADIT~1\MATH\mulFP.asm
            jDifOrPosSign   0x006014    program     static C:\MCC18\SRC\TRADIT~1\MATH\addFP.asm
                      jEQ   0x006426    program     static C:\MCC18\SRC\TRADIT~1\MATH\compFP.asm
                     jEnd   0x007a32    program     static C:\MCC18\SRC\TRADIT~1\STDCLIB\slenpgm.asm
                     jEnd   0x0079fa    program     static C:\MCC18\SRC\TRADIT~1\STDCLIB\strlen.asm
                    jExch   0x006432    program     static C:\MCC18\SRC\TRADIT~1\MATH\compFP.asm
                    jExit   0x006368    program     static C:\MCC18\SRC\TRADIT~1\MATH\castFP08.asm
                    jExit   0x0063c6    program     static C:\MCC18\SRC\TRADIT~1\MATH\castFP16.asm
                   jExpEQ   0x006478    program     static C:\MCC18\SRC\TRADIT~1\MATH\compFP.asm
                   jFinal   0x00645c    program     static C:\MCC18\SRC\TRADIT~1\MATH\compFP.asm
               jFinalSign   0x0060ee    program     static C:\MCC18\SRC\TRADIT~1\MATH\addFP.asm
                jHaveZero   0x0061d0    program     static C:\MCC18\SRC\TRADIT~1\MATH\mulFP.asm
                jI2F08Beg   0x005f8a    program     static C:\MCC18\SRC\TRADIT~1\MATH\cast08FP.asm
                jI2F16Beg   0x005fb2    program     static C:\MCC18\SRC\TRADIT~1\MATH\cast16FP.asm
                    jLoop   0x007a1a    program     static C:\MCC18\SRC\TRADIT~1\STDCLIB\slenpgm.asm
                    jLoop   0x0079f0    program     static C:\MCC18\SRC\TRADIT~1\STDCLIB\strlen.asm
                    jLoop   0x006150    program     static C:\MCC18\SRC\TRADIT~1\MATH\divFP.asm
                    jLoop   0x006350    program     static C:\MCC18\SRC\TRADIT~1\MATH\castFP08.asm
                    jLoop   0x0063a6    program     static C:\MCC18\SRC\TRADIT~1\MATH\castFP16.asm
                jLoopExit   0x0063b6    program     static C:\MCC18\SRC\TRADIT~1\MATH\castFP16.asm
                jLoopExit   0x00635e    program     static C:\MCC18\SRC\TRADIT~1\MATH\castFP08.asm
                   jMatch   0x007b9c    program     static C:\MCC18\SRC\TRADIT~1\STDCLIB\isdigit.asm
                     jMax   0x00637a    program     static C:\MCC18\SRC\TRADIT~1\MATH\castFP16.asm
                     jMax   0x00632c    program     static C:\MCC18\SRC\TRADIT~1\MATH\castFP08.asm
                  jMaxNeg   0x006336    program     static C:\MCC18\SRC\TRADIT~1\MATH\castFP08.asm
                  jMaxNeg   0x006388    program     static C:\MCC18\SRC\TRADIT~1\MATH\castFP16.asm
                  jMaxPos   0x00637e    program     static C:\MCC18\SRC\TRADIT~1\MATH\castFP16.asm
                  jMaxPos   0x006330    program     static C:\MCC18\SRC\TRADIT~1\MATH\castFP08.asm
                      jNE   0x00642a    program     static C:\MCC18\SRC\TRADIT~1\MATH\compFP.asm
                    jNext   0x006176    program     static C:\MCC18\SRC\TRADIT~1\MATH\divFP.asm
                jNoAdjust   0x006174    program     static C:\MCC18\SRC\TRADIT~1\MATH\divFP.asm
                  jNoExch   0x006452    program     static C:\MCC18\SRC\TRADIT~1\MATH\compFP.asm
                 jNoMatch   0x007b9e    program     static C:\MCC18\SRC\TRADIT~1\STDCLIB\isdigit.asm
             jNotBothZero   0x006018    program     static C:\MCC18\SRC\TRADIT~1\MATH\addFP.asm
                  jNotInf   0x006340    program     static C:\MCC18\SRC\TRADIT~1\MATH\castFP08.asm
                  jNotInf   0x006396    program     static C:\MCC18\SRC\TRADIT~1\MATH\castFP16.asm
                  jPkLoop   0x0064dc    program     static C:\MCC18\SRC\TRADIT~1\MATH\packFP.asm
             jPkRoundDone   0x006526    program     static C:\MCC18\SRC\TRADIT~1\MATH\packFP.asm
               jPkRoundIt   0x00650e    program     static C:\MCC18\SRC\TRADIT~1\MATH\packFP.asm
             jPkShiftDone   0x0064f8    program     static C:\MCC18\SRC\TRADIT~1\MATH\packFP.asm
           jReturnPosInf0   0x0064b2    program     static C:\MCC18\SRC\TRADIT~1\MATH\packFP.asm
                  jRotate   0x006484    program     static C:\MCC18\SRC\TRADIT~1\MATH\compFP.asm
                   jShift   0x00646e    program     static C:\MCC18\SRC\TRADIT~1\MATH\compFP.asm
               jShiftDone   0x0060ae    program     static C:\MCC18\SRC\TRADIT~1\MATH\addFP.asm
               jShiftLoop   0x0060a0    program     static C:\MCC18\SRC\TRADIT~1\MATH\addFP.asm
                jSignDone   0x0060de    program     static C:\MCC18\SRC\TRADIT~1\MATH\addFP.asm
              jSignedZero   0x00611e    program     static C:\MCC18\SRC\TRADIT~1\MATH\divFP.asm
                 jSignsEQ   0x00640e    program     static C:\MCC18\SRC\TRADIT~1\MATH\compFP.asm
                  jUnpkA1   0x006550    program     static C:\MCC18\SRC\TRADIT~1\MATH\UnpackFP.asm
                  jUnpkA2   0x006568    program     static C:\MCC18\SRC\TRADIT~1\MATH\UnpackFP.asm
                 jUnpkANZ   0x00655e    program     static C:\MCC18\SRC\TRADIT~1\MATH\UnpackFP.asm
                  jUnpkB1   0x006580    program     static C:\MCC18\SRC\TRADIT~1\MATH\UnpackFP.asm
                  jUnpkB2   0x006598    program     static C:\MCC18\SRC\TRADIT~1\MATH\UnpackFP.asm
                 jUnpkBNZ   0x00658e    program     static C:\MCC18\SRC\TRADIT~1\MATH\UnpackFP.asm
                 jUnpkNaN   0x006572    program     static C:\MCC18\SRC\TRADIT~1\MATH\UnpackFP.asm
                 jWNotNeg   0x00609a    program     static C:\MCC18\SRC\TRADIT~1\MATH\addFP.asm
                    jZero   0x00633c    program     static C:\MCC18\SRC\TRADIT~1\MATH\castFP08.asm
                    jZero   0x006390    program     static C:\MCC18\SRC\TRADIT~1\MATH\castFP16.asm
               jZero1and2   0x0064b6    program     static C:\MCC18\SRC\TRADIT~1\MATH\packFP.asm
          joystickMecanum   0x00167a    program     extern C:\nemo\mecanum.c        
                liftLower   0x006996    program     extern C:\nemo\pneumatics.c     
                liftRaise   0x006956    program     extern C:\nemo\pneumatics.c     
                     loop   0x007a54    program     static                          
                     loop   0x007b74    program     static                          
                     loop   0x007bb0    program     static C:\MCC18\SRC\TRADIT~1\PMC\USART\_usartpc.asm
                     loop   0x007b10    program     static                          
                     main   0x0070d2    program     extern C:\nemo\ifi_frc.c        
              mecanumCrop   0x002950    program     extern C:\nemo\mecanum.c        
             mecanumDrive   0x0016de    program     extern C:\nemo\mecanum.c        
      mecanumSetLeftFront   0x002718    program     extern C:\nemo\mecanum.c        
       mecanumSetLeftRear   0x002834    program     extern C:\nemo\mecanum.c        
     mecanumSetRightFront   0x0024bc    program     extern C:\nemo\mecanum.c        
      mecanumSetRightRear   0x0025ea    program     extern C:\nemo\mecanum.c        
              mecanumStop   0x0024a8    program     extern C:\nemo\mecanum.c        
            mecanumStrafe   0x0022ca    program     extern C:\nemo\mecanum.c        
              mecanumTune   0x00088c    program     extern C:\nemo\mecanum.c        
          mecanumTuneSlow   0x000b78    program     extern C:\nemo\mecanum.c        
      mecanumUntunedDrive   0x00202e    program     extern C:\nemo\mecanum.c        
          modifyLeftFront   0x001396    program     extern C:\nemo\mecanum.c        
           modifyLeftRear   0x001508    program     extern C:\nemo\mecanum.c        
         modifyRightFront   0x0010b2    program     extern C:\nemo\mecanum.c        
          modifyRightRear   0x001224    program     extern C:\nemo\mecanum.c        
        monitorArmSensors   0x005cd8    program     extern C:\nemo\arm.c            
             monitorArmUi   0x005e32    program     extern C:\nemo\arm.c            
             monitor_auto   0x004868    program     extern C:\nemo\auto_util.c      
   monitor_displace_catch   0x004810    program     extern C:\nemo\auto_util.c      
        monitor_fake_auto   0x006e44    program     extern C:\nemo\autonomous.c     
           monitor_hurdle   0x004724    program     extern C:\nemo\auto_util.c      
            monitor_place   0x004784    program     extern C:\nemo\auto_util.c      
          monitor_prepare   0x004684    program     extern C:\nemo\auto_util.c      
          monitor_release   0x0046d4    program     extern C:\nemo\auto_util.c      
             monitor_stow   0x0047e4    program     extern C:\nemo\auto_util.c      
                    place   0x004f86    program     extern C:\nemo\auto_util.c      
                  prepare   0x004ba2    program     extern C:\nemo\auto_util.c      
                   printf   0x0077ec    program     extern C:\MCC18\src\TRADIT~1\stdclib\printf.c
                     putc   0x007884    program     extern C:\MCC18\src\TRADIT~1\stdclib\putc.c
                queue_arm   0x002dbc    program     extern C:\nemo\action.c         
              queue_pause   0x002d12    program     extern C:\nemo\action.c         
         queue_pneumatics   0x003326    program     extern C:\nemo\action.c         
             queue_strafe   0x00302e    program     extern C:\nemo\action.c         
               queue_turn   0x002e84    program     extern C:\nemo\action.c         
                  read_IR   0x006e4c    program     static C:\nemo\autonomous.c     
                  release   0x004c96    program     extern C:\nemo\auto_util.c      
          requestArmState   0x0059f0    program     extern C:\nemo\arm.c            
               rotateLeft   0x002418    program     extern C:\nemo\mecanum.c        
              rotateRight   0x002458    program     extern C:\nemo\mecanum.c        
                 s_digits   0x007bd2    program     static C:\MCC18\src\TRADIT~1\stdclib\vfprintf.c
            s_put_n_chars   0x003a62    program     static C:\MCC18\src\TRADIT~1\stdclib\vfprintf.c
                     stow   0x005144    program     extern C:\nemo\auto_util.c      
                   strlen   0x0079e0    program     extern C:\MCC18\SRC\TRADIT~1\STDCLIB\strlen.asm
                strlenpgm   0x0079fc    program     extern C:\MCC18\SRC\TRADIT~1\STDCLIB\slenpgm.asm
      switchboardTriggers   0x0065a2    program     extern C:\nemo\pneumatics.c     
                  takeoff   0x0049d8    program     extern C:\nemo\auto_util.c      
      update_action_queue   0x00338a    program     extern C:\nemo\action.c         
      update_hybrid_state   0x0070a0    program     static C:\nemo\autonomous.c     
                 vfprintf   0x003a8e    program     extern C:\MCC18\src\TRADIT~1\stdclib\vfprintf.c
               wristLower   0x006a14    program     extern C:\nemo\pneumatics.c     
               wristRaise   0x00699a    program     extern C:\nemo\pneumatics.c     
                zero_test   0x007648    program     static                          
                   ADCON0   0x000fc2       data     extern C:\MCC18\SRC\TRADIT~1\PROC\p18f8722.asm
               ADCON0bits   0x000fc2       data     extern C:\MCC18\SRC\TRADIT~1\PROC\p18f8722.asm
                   ADCON1   0x000fc1       data     extern C:\MCC18\SRC\TRADIT~1\PROC\p18f8722.asm
               ADCON1bits   0x000fc1       data     extern C:\MCC18\SRC\TRADIT~1\PROC\p18f8722.asm
                   ADCON2   0x000fc0       data     extern C:\MCC18\SRC\TRADIT~1\PROC\p18f8722.asm
               ADCON2bits   0x000fc0       data     extern C:\MCC18\SRC\TRADIT~1\PROC\p18f8722.asm
                    ADRES   0x000fc3       data     extern C:\MCC18\SRC\TRADIT~1\PROC\p18f8722.asm
                   ADRESH   0x000fc4       data     extern C:\MCC18\SRC\TRADIT~1\PROC\p18f8722.asm
                   ADRESL   0x000fc3       data     extern C:\MCC18\SRC\TRADIT~1\PROC\p18f8722.asm
                  BAUDCON   0x000f7e       data     extern C:\MCC18\SRC\TRADIT~1\PROC\p18f8722.asm
                 BAUDCON1   0x000f7e       data     extern C:\MCC18\SRC\TRADIT~1\PROC\p18f8722.asm
             BAUDCON1bits   0x000f7e       data     extern C:\MCC18\SRC\TRADIT~1\PROC\p18f8722.asm
                 BAUDCON2   0x000f7c       data     extern C:\MCC18\SRC\TRADIT~1\PROC\p18f8722.asm
             BAUDCON2bits   0x000f7c       data     extern C:\MCC18\SRC\TRADIT~1\PROC\p18f8722.asm
              BAUDCONbits   0x000f7e       data     extern C:\MCC18\SRC\TRADIT~1\PROC\p18f8722.asm
                      BSR   0x000fe0       data     extern C:\MCC18\SRC\TRADIT~1\PROC\p18f8722.asm
                  CCP1CON   0x000fbd       data     extern C:\MCC18\SRC\TRADIT~1\PROC\p18f8722.asm
              CCP1CONbits   0x000fbd       data     extern C:\MCC18\SRC\TRADIT~1\PROC\p18f8722.asm
                  CCP2CON   0x000fba       data     extern C:\MCC18\SRC\TRADIT~1\PROC\p18f8722.asm
              CCP2CONbits   0x000fba       data     extern C:\MCC18\SRC\TRADIT~1\PROC\p18f8722.asm
                  CCP3CON   0x000fb7       data     extern C:\MCC18\SRC\TRADIT~1\PROC\p18f8722.asm
              CCP3CONbits   0x000fb7       data     extern C:\MCC18\SRC\TRADIT~1\PROC\p18f8722.asm
                  CCP4CON   0x000f73       data     extern C:\MCC18\SRC\TRADIT~1\PROC\p18f8722.asm
              CCP4CONbits   0x000f73       data     extern C:\MCC18\SRC\TRADIT~1\PROC\p18f8722.asm
                  CCP5CON   0x000f70       data     extern C:\MCC18\SRC\TRADIT~1\PROC\p18f8722.asm
              CCP5CONbits   0x000f70       data     extern C:\MCC18\SRC\TRADIT~1\PROC\p18f8722.asm
                    CCPR1   0x000fbe       data     extern C:\MCC18\SRC\TRADIT~1\PROC\p18f8722.asm
                   CCPR1H   0x000fbf       data     extern C:\MCC18\SRC\TRADIT~1\PROC\p18f8722.asm
                   CCPR1L   0x000fbe       data     extern C:\MCC18\SRC\TRADIT~1\PROC\p18f8722.asm
                    CCPR2   0x000fbb       data     extern C:\MCC18\SRC\TRADIT~1\PROC\p18f8722.asm
                   CCPR2H   0x000fbc       data     extern C:\MCC18\SRC\TRADIT~1\PROC\p18f8722.asm
                   CCPR2L   0x000fbb       data     extern C:\MCC18\SRC\TRADIT~1\PROC\p18f8722.asm
                    CCPR3   0x000fb8       data     extern C:\MCC18\SRC\TRADIT~1\PROC\p18f8722.asm
                   CCPR3H   0x000fb9       data     extern C:\MCC18\SRC\TRADIT~1\PROC\p18f8722.asm
                   CCPR3L   0x000fb8       data     extern C:\MCC18\SRC\TRADIT~1\PROC\p18f8722.asm
                    CCPR4   0x000f74       data     extern C:\MCC18\SRC\TRADIT~1\PROC\p18f8722.asm
                   CCPR4H   0x000f75       data     extern C:\MCC18\SRC\TRADIT~1\PROC\p18f8722.asm
                   CCPR4L   0x000f74       data     extern C:\MCC18\SRC\TRADIT~1\PROC\p18f8722.asm
                    CCPR5   0x000f71       data     extern C:\MCC18\SRC\TRADIT~1\PROC\p18f8722.asm
                   CCPR5H   0x000f72       data     extern C:\MCC18\SRC\TRADIT~1\PROC\p18f8722.asm
                   CCPR5L   0x000f71       data     extern C:\MCC18\SRC\TRADIT~1\PROC\p18f8722.asm
                    CMCON   0x000fb4       data     extern C:\MCC18\SRC\TRADIT~1\PROC\p18f8722.asm
                CMCONbits   0x000fb4       data     extern C:\MCC18\SRC\TRADIT~1\PROC\p18f8722.asm
                   CVRCON   0x000fb5       data     extern C:\MCC18\SRC\TRADIT~1\PROC\p18f8722.asm
               CVRCONbits   0x000fb5       data     extern C:\MCC18\SRC\TRADIT~1\PROC\p18f8722.asm
                     DDRA   0x000f92       data     extern C:\MCC18\SRC\TRADIT~1\PROC\p18f8722.asm
                 DDRAbits   0x000f92       data     extern C:\MCC18\SRC\TRADIT~1\PROC\p18f8722.asm
                     DDRB   0x000f93       data     extern C:\MCC18\SRC\TRADIT~1\PROC\p18f8722.asm
                 DDRBbits   0x000f93       data     extern C:\MCC18\SRC\TRADIT~1\PROC\p18f8722.asm
                     DDRC   0x000f94       data     extern C:\MCC18\SRC\TRADIT~1\PROC\p18f8722.asm
                 DDRCbits   0x000f94       data     extern C:\MCC18\SRC\TRADIT~1\PROC\p18f8722.asm
                     DDRD   0x000f95       data     extern C:\MCC18\SRC\TRADIT~1\PROC\p18f8722.asm
                 DDRDbits   0x000f95       data     extern C:\MCC18\SRC\TRADIT~1\PROC\p18f8722.asm
                     DDRE   0x000f96       data     extern C:\MCC18\SRC\TRADIT~1\PROC\p18f8722.asm
                 DDREbits   0x000f96       data     extern C:\MCC18\SRC\TRADIT~1\PROC\p18f8722.asm
                     DDRF   0x000f97       data     extern C:\MCC18\SRC\TRADIT~1\PROC\p18f8722.asm
                 DDRFbits   0x000f97       data     extern C:\MCC18\SRC\TRADIT~1\PROC\p18f8722.asm
                     DDRG   0x000f98       data     extern C:\MCC18\SRC\TRADIT~1\PROC\p18f8722.asm
                 DDRGbits   0x000f98       data     extern C:\MCC18\SRC\TRADIT~1\PROC\p18f8722.asm
                     DDRH   0x000f99       data     extern C:\MCC18\SRC\TRADIT~1\PROC\p18f8722.asm
                 DDRHbits   0x000f99       data     extern C:\MCC18\SRC\TRADIT~1\PROC\p18f8722.asm
                     DDRJ   0x000f9a       data     extern C:\MCC18\SRC\TRADIT~1\PROC\p18f8722.asm
                 DDRJbits   0x000f9a       data     extern C:\MCC18\SRC\TRADIT~1\PROC\p18f8722.asm
                  ECCP1AS   0x000fb6       data     extern C:\MCC18\SRC\TRADIT~1\PROC\p18f8722.asm
              ECCP1ASbits   0x000fb6       data     extern C:\MCC18\SRC\TRADIT~1\PROC\p18f8722.asm
                 ECCP1CON   0x000fbd       data     extern C:\MCC18\SRC\TRADIT~1\PROC\p18f8722.asm
             ECCP1CONbits   0x000fbd       data     extern C:\MCC18\SRC\TRADIT~1\PROC\p18f8722.asm
                 ECCP1DEL   0x000f79       data     extern C:\MCC18\SRC\TRADIT~1\PROC\p18f8722.asm
             ECCP1DELbits   0x000f79       data     extern C:\MCC18\SRC\TRADIT~1\PROC\p18f8722.asm
                  ECCP2AS   0x000f68       data     extern C:\MCC18\SRC\TRADIT~1\PROC\p18f8722.asm
              ECCP2ASbits   0x000f68       data     extern C:\MCC18\SRC\TRADIT~1\PROC\p18f8722.asm
                 ECCP2CON   0x000fba       data     extern C:\MCC18\SRC\TRADIT~1\PROC\p18f8722.asm
             ECCP2CONbits   0x000fba       data     extern C:\MCC18\SRC\TRADIT~1\PROC\p18f8722.asm
                 ECCP2DEL   0x000f67       data     extern C:\MCC18\SRC\TRADIT~1\PROC\p18f8722.asm
             ECCP2DELbits   0x000f67       data     extern C:\MCC18\SRC\TRADIT~1\PROC\p18f8722.asm
                  ECCP3AS   0x000f6a       data     extern C:\MCC18\SRC\TRADIT~1\PROC\p18f8722.asm
              ECCP3ASbits   0x000f6a       data     extern C:\MCC18\SRC\TRADIT~1\PROC\p18f8722.asm
                 ECCP3CON   0x000fb7       data     extern C:\MCC18\SRC\TRADIT~1\PROC\p18f8722.asm
             ECCP3CONbits   0x000fb7       data     extern C:\MCC18\SRC\TRADIT~1\PROC\p18f8722.asm
                 ECCP3DEL   0x000f69       data     extern C:\MCC18\SRC\TRADIT~1\PROC\p18f8722.asm
             ECCP3DELbits   0x000f69       data     extern C:\MCC18\SRC\TRADIT~1\PROC\p18f8722.asm
                    EEADR   0x000fa9       data     extern C:\MCC18\SRC\TRADIT~1\PROC\p18f8722.asm
                   EEADRH   0x000faa       data     extern C:\MCC18\SRC\TRADIT~1\PROC\p18f8722.asm
                   EECON1   0x000fa6       data     extern C:\MCC18\SRC\TRADIT~1\PROC\p18f8722.asm
               EECON1bits   0x000fa6       data     extern C:\MCC18\SRC\TRADIT~1\PROC\p18f8722.asm
                   EECON2   0x000fa7       data     extern C:\MCC18\SRC\TRADIT~1\PROC\p18f8722.asm
                   EEDATA   0x000fa8       data     extern C:\MCC18\SRC\TRADIT~1\PROC\p18f8722.asm
                     FSR0   0x000fe9       data     extern C:\MCC18\SRC\TRADIT~1\PROC\p18f8722.asm
                    FSR0H   0x000fea       data     extern C:\MCC18\SRC\TRADIT~1\PROC\p18f8722.asm
                    FSR0L   0x000fe9       data     extern C:\MCC18\SRC\TRADIT~1\PROC\p18f8722.asm
                     FSR1   0x000fe1       data     extern C:\MCC18\SRC\TRADIT~1\PROC\p18f8722.asm
                    FSR1H   0x000fe2       data     extern C:\MCC18\SRC\TRADIT~1\PROC\p18f8722.asm
                    FSR1L   0x000fe1       data     extern C:\MCC18\SRC\TRADIT~1\PROC\p18f8722.asm
                     FSR2   0x000fd9       data     extern C:\MCC18\SRC\TRADIT~1\PROC\p18f8722.asm
                    FSR2H   0x000fda       data     extern C:\MCC18\SRC\TRADIT~1\PROC\p18f8722.asm
                    FSR2L   0x000fd9       data     extern C:\MCC18\SRC\TRADIT~1\PROC\p18f8722.asm
                  HLVDCON   0x000fd2       data     extern C:\MCC18\SRC\TRADIT~1\PROC\p18f8722.asm
              HLVDCONbits   0x000fd2       data     extern C:\MCC18\SRC\TRADIT~1\PROC\p18f8722.asm
                    INDF0   0x000fef       data     extern C:\MCC18\SRC\TRADIT~1\PROC\p18f8722.asm
                    INDF1   0x000fe7       data     extern C:\MCC18\SRC\TRADIT~1\PROC\p18f8722.asm
                    INDF2   0x000fdf       data     extern C:\MCC18\SRC\TRADIT~1\PROC\p18f8722.asm
                   INTCON   0x000ff2       data     extern C:\MCC18\SRC\TRADIT~1\PROC\p18f8722.asm
                  INTCON2   0x000ff1       data     extern C:\MCC18\SRC\TRADIT~1\PROC\p18f8722.asm
              INTCON2bits   0x000ff1       data     extern C:\MCC18\SRC\TRADIT~1\PROC\p18f8722.asm
                  INTCON3   0x000ff0       data     extern C:\MCC18\SRC\TRADIT~1\PROC\p18f8722.asm
              INTCON3bits   0x000ff0       data     extern C:\MCC18\SRC\TRADIT~1\PROC\p18f8722.asm
               INTCONbits   0x000ff2       data     extern C:\MCC18\SRC\TRADIT~1\PROC\p18f8722.asm
                     IPR1   0x000f9f       data     extern C:\MCC18\SRC\TRADIT~1\PROC\p18f8722.asm
                 IPR1bits   0x000f9f       data     extern C:\MCC18\SRC\TRADIT~1\PROC\p18f8722.asm
                     IPR2   0x000fa2       data     extern C:\MCC18\SRC\TRADIT~1\PROC\p18f8722.asm
                 IPR2bits   0x000fa2       data     extern C:\MCC18\SRC\TRADIT~1\PROC\p18f8722.asm
                     IPR3   0x000fa5       data     extern C:\MCC18\SRC\TRADIT~1\PROC\p18f8722.asm
                 IPR3bits   0x000fa5       data     extern C:\MCC18\SRC\TRADIT~1\PROC\p18f8722.asm
                     LATA   0x000f89       data     extern C:\MCC18\SRC\TRADIT~1\PROC\p18f8722.asm
                 LATAbits   0x000f89       data     extern C:\MCC18\SRC\TRADIT~1\PROC\p18f8722.asm
                     LATB   0x000f8a       data     extern C:\MCC18\SRC\TRADIT~1\PROC\p18f8722.asm
                 LATBbits   0x000f8a       data     extern C:\MCC18\SRC\TRADIT~1\PROC\p18f8722.asm
                     LATC   0x000f8b       data     extern C:\MCC18\SRC\TRADIT~1\PROC\p18f8722.asm
                 LATCbits   0x000f8b       data     extern C:\MCC18\SRC\TRADIT~1\PROC\p18f8722.asm
                     LATD   0x000f8c       data     extern C:\MCC18\SRC\TRADIT~1\PROC\p18f8722.asm
                 LATDbits   0x000f8c       data     extern C:\MCC18\SRC\TRADIT~1\PROC\p18f8722.asm
                     LATE   0x000f8d       data     extern C:\MCC18\SRC\TRADIT~1\PROC\p18f8722.asm
                 LATEbits   0x000f8d       data     extern C:\MCC18\SRC\TRADIT~1\PROC\p18f8722.asm
                     LATF   0x000f8e       data     extern C:\MCC18\SRC\TRADIT~1\PROC\p18f8722.asm
                 LATFbits   0x000f8e       data     extern C:\MCC18\SRC\TRADIT~1\PROC\p18f8722.asm
                     LATG   0x000f8f       data     extern C:\MCC18\SRC\TRADIT~1\PROC\p18f8722.asm
                 LATGbits   0x000f8f       data     extern C:\MCC18\SRC\TRADIT~1\PROC\p18f8722.asm
                     LATH   0x000f90       data     extern C:\MCC18\SRC\TRADIT~1\PROC\p18f8722.asm
                 LATHbits   0x000f90       data     extern C:\MCC18\SRC\TRADIT~1\PROC\p18f8722.asm
                     LATJ   0x000f91       data     extern C:\MCC18\SRC\TRADIT~1\PROC\p18f8722.asm
                 LATJbits   0x000f91       data     extern C:\MCC18\SRC\TRADIT~1\PROC\p18f8722.asm
                   LVDCON   0x000fd2       data     extern C:\MCC18\SRC\TRADIT~1\PROC\p18f8722.asm
               LVDCONbits   0x000fd2       data     extern C:\MCC18\SRC\TRADIT~1\PROC\p18f8722.asm
                   MEMCON   0x000f9c       data     extern C:\MCC18\SRC\TRADIT~1\PROC\p18f8722.asm
               MEMCONbits   0x000f9c       data     extern C:\MCC18\SRC\TRADIT~1\PROC\p18f8722.asm
                   OSCCON   0x000fd3       data     extern C:\MCC18\SRC\TRADIT~1\PROC\p18f8722.asm
               OSCCONbits   0x000fd3       data     extern C:\MCC18\SRC\TRADIT~1\PROC\p18f8722.asm
                  OSCTUNE   0x000f9b       data     extern C:\MCC18\SRC\TRADIT~1\PROC\p18f8722.asm
              OSCTUNEbits   0x000f9b       data     extern C:\MCC18\SRC\TRADIT~1\PROC\p18f8722.asm
               Old_Port_B   0x0002d8       data     extern C:\nemo\ifi_frc.c        
                       PC   0x000ff9       data     extern C:\MCC18\SRC\TRADIT~1\PROC\p18f8722.asm
                      PCL   0x000ff9       data     extern C:\MCC18\SRC\TRADIT~1\PROC\p18f8722.asm
                   PCLATH   0x000ffa       data     extern C:\MCC18\SRC\TRADIT~1\PROC\p18f8722.asm
                   PCLATU   0x000ffb       data     extern C:\MCC18\SRC\TRADIT~1\PROC\p18f8722.asm
                     PIE1   0x000f9d       data     extern C:\MCC18\SRC\TRADIT~1\PROC\p18f8722.asm
                 PIE1bits   0x000f9d       data     extern C:\MCC18\SRC\TRADIT~1\PROC\p18f8722.asm
                     PIE2   0x000fa0       data     extern C:\MCC18\SRC\TRADIT~1\PROC\p18f8722.asm
                 PIE2bits   0x000fa0       data     extern C:\MCC18\SRC\TRADIT~1\PROC\p18f8722.asm
                     PIE3   0x000fa3       data     extern C:\MCC18\SRC\TRADIT~1\PROC\p18f8722.asm
                 PIE3bits   0x000fa3       data     extern C:\MCC18\SRC\TRADIT~1\PROC\p18f8722.asm
                     PIR1   0x000f9e       data     extern C:\MCC18\SRC\TRADIT~1\PROC\p18f8722.asm
                 PIR1bits   0x000f9e       data     extern C:\MCC18\SRC\TRADIT~1\PROC\p18f8722.asm
                     PIR2   0x000fa1       data     extern C:\MCC18\SRC\TRADIT~1\PROC\p18f8722.asm
                 PIR2bits   0x000fa1       data     extern C:\MCC18\SRC\TRADIT~1\PROC\p18f8722.asm
                     PIR3   0x000fa4       data     extern C:\MCC18\SRC\TRADIT~1\PROC\p18f8722.asm
                 PIR3bits   0x000fa4       data     extern C:\MCC18\SRC\TRADIT~1\PROC\p18f8722.asm
                   PLUSW0   0x000feb       data     extern C:\MCC18\SRC\TRADIT~1\PROC\p18f8722.asm
                   PLUSW1   0x000fe3       data     extern C:\MCC18\SRC\TRADIT~1\PROC\p18f8722.asm
                   PLUSW2   0x000fdb       data     extern C:\MCC18\SRC\TRADIT~1\PROC\p18f8722.asm
                    PORTA   0x000f80       data     extern C:\MCC18\SRC\TRADIT~1\PROC\p18f8722.asm
                PORTAbits   0x000f80       data     extern C:\MCC18\SRC\TRADIT~1\PROC\p18f8722.asm
                    PORTB   0x000f81       data     extern C:\MCC18\SRC\TRADIT~1\PROC\p18f8722.asm
                PORTBbits   0x000f81       data     extern C:\MCC18\SRC\TRADIT~1\PROC\p18f8722.asm
                    PORTC   0x000f82       data     extern C:\MCC18\SRC\TRADIT~1\PROC\p18f8722.asm
                PORTCbits   0x000f82       data     extern C:\MCC18\SRC\TRADIT~1\PROC\p18f8722.asm
                    PORTD   0x000f83       data     extern C:\MCC18\SRC\TRADIT~1\PROC\p18f8722.asm
                PORTDbits   0x000f83       data     extern C:\MCC18\SRC\TRADIT~1\PROC\p18f8722.asm
                    PORTE   0x000f84       data     extern C:\MCC18\SRC\TRADIT~1\PROC\p18f8722.asm
                PORTEbits   0x000f84       data     extern C:\MCC18\SRC\TRADIT~1\PROC\p18f8722.asm
                    PORTF   0x000f85       data     extern C:\MCC18\SRC\TRADIT~1\PROC\p18f8722.asm
                PORTFbits   0x000f85       data     extern C:\MCC18\SRC\TRADIT~1\PROC\p18f8722.asm
                    PORTG   0x000f86       data     extern C:\MCC18\SRC\TRADIT~1\PROC\p18f8722.asm
                PORTGbits   0x000f86       data     extern C:\MCC18\SRC\TRADIT~1\PROC\p18f8722.asm
                    PORTH   0x000f87       data     extern C:\MCC18\SRC\TRADIT~1\PROC\p18f8722.asm
                PORTHbits   0x000f87       data     extern C:\MCC18\SRC\TRADIT~1\PROC\p18f8722.asm
                    PORTJ   0x000f88       data     extern C:\MCC18\SRC\TRADIT~1\PROC\p18f8722.asm
                PORTJbits   0x000f88       data     extern C:\MCC18\SRC\TRADIT~1\PROC\p18f8722.asm
                 POSTDEC0   0x000fed       data     extern C:\MCC18\SRC\TRADIT~1\PROC\p18f8722.asm
                 POSTDEC1   0x000fe5       data     extern C:\MCC18\SRC\TRADIT~1\PROC\p18f8722.asm
                 POSTDEC2   0x000fdd       data     extern C:\MCC18\SRC\TRADIT~1\PROC\p18f8722.asm
                 POSTINC0   0x000fee       data     extern C:\MCC18\SRC\TRADIT~1\PROC\p18f8722.asm
                 POSTINC1   0x000fe6       data     extern C:\MCC18\SRC\TRADIT~1\PROC\p18f8722.asm
                 POSTINC2   0x000fde       data     extern C:\MCC18\SRC\TRADIT~1\PROC\p18f8722.asm
                      PR2   0x000fcb       data     extern C:\MCC18\SRC\TRADIT~1\PROC\p18f8722.asm
                      PR4   0x000f77       data     extern C:\MCC18\SRC\TRADIT~1\PROC\p18f8722.asm
                  PREINC0   0x000fec       data     extern C:\MCC18\SRC\TRADIT~1\PROC\p18f8722.asm
                  PREINC1   0x000fe4       data     extern C:\MCC18\SRC\TRADIT~1\PROC\p18f8722.asm
                  PREINC2   0x000fdc       data     extern C:\MCC18\SRC\TRADIT~1\PROC\p18f8722.asm
                     PROD   0x000ff3       data     extern C:\MCC18\SRC\TRADIT~1\PROC\p18f8722.asm
                    PRODH   0x000ff4       data     extern C:\MCC18\SRC\TRADIT~1\PROC\p18f8722.asm
                    PRODL   0x000ff3       data     extern C:\MCC18\SRC\TRADIT~1\PROC\p18f8722.asm
                   PSPCON   0x000fb0       data     extern C:\MCC18\SRC\TRADIT~1\PROC\p18f8722.asm
               PSPCONbits   0x000fb0       data     extern C:\MCC18\SRC\TRADIT~1\PROC\p18f8722.asm
                     RCON   0x000fd0       data     extern C:\MCC18\SRC\TRADIT~1\PROC\p18f8722.asm
                 RCONbits   0x000fd0       data     extern C:\MCC18\SRC\TRADIT~1\PROC\p18f8722.asm
                    RCREG   0x000fae       data     extern C:\MCC18\SRC\TRADIT~1\PROC\p18f8722.asm
                   RCREG1   0x000fae       data     extern C:\MCC18\SRC\TRADIT~1\PROC\p18f8722.asm
                   RCREG2   0x000f6e       data     extern C:\MCC18\SRC\TRADIT~1\PROC\p18f8722.asm
                    RCSTA   0x000fab       data     extern C:\MCC18\SRC\TRADIT~1\PROC\p18f8722.asm
                   RCSTA1   0x000fab       data     extern C:\MCC18\SRC\TRADIT~1\PROC\p18f8722.asm
               RCSTA1bits   0x000fab       data     extern C:\MCC18\SRC\TRADIT~1\PROC\p18f8722.asm
                   RCSTA2   0x000f6b       data     extern C:\MCC18\SRC\TRADIT~1\PROC\p18f8722.asm
               RCSTA2bits   0x000f6b       data     extern C:\MCC18\SRC\TRADIT~1\PROC\p18f8722.asm
                RCSTAbits   0x000fab       data     extern C:\MCC18\SRC\TRADIT~1\PROC\p18f8722.asm
      RX_1_Framing_Errors   0x0000e7       data     extern C:\nemo\serial_ports.c   
      RX_1_Overrun_Errors   0x0000e6       data     extern C:\nemo\serial_ports.c   
      RX_2_Framing_Errors   0x0000f3       data     extern C:\nemo\serial_ports.c   
      RX_2_Overrun_Errors   0x0000f2       data     extern C:\nemo\serial_ports.c   
               Rx_1_Queue   0x000060       data     extern C:\nemo\serial_ports.c   
    Rx_1_Queue_Byte_Count   0x0000e5       data     extern C:\nemo\serial_ports.c   
         Rx_1_Queue_Empty   0x0000e2       data     extern C:\nemo\serial_ports.c   
          Rx_1_Queue_Full   0x0000e1       data     extern C:\nemo\serial_ports.c   
    Rx_1_Queue_Read_Index   0x0000e3       data     extern C:\nemo\serial_ports.c   
   Rx_1_Queue_Write_Index   0x0000e4       data     extern C:\nemo\serial_ports.c   
               Rx_2_Queue   0x0000a0       data     extern C:\nemo\serial_ports.c   
    Rx_2_Queue_Byte_Count   0x0000f1       data     extern C:\nemo\serial_ports.c   
         Rx_2_Queue_Empty   0x0000ee       data     extern C:\nemo\serial_ports.c   
          Rx_2_Queue_Full   0x0000ed       data     extern C:\nemo\serial_ports.c   
    Rx_2_Queue_Read_Index   0x0000ef       data     extern C:\nemo\serial_ports.c   
   Rx_2_Queue_Write_Index   0x0000f0       data     extern C:\nemo\serial_ports.c   
                     SIGN   0x000030       data     extern C:\MCC18\SRC\TRADIT~1\MATH\cmath18.asm
                    SPBRG   0x000faf       data     extern C:\MCC18\SRC\TRADIT~1\PROC\p18f8722.asm
                   SPBRG1   0x000faf       data     extern C:\MCC18\SRC\TRADIT~1\PROC\p18f8722.asm
                   SPBRG2   0x000f6f       data     extern C:\MCC18\SRC\TRADIT~1\PROC\p18f8722.asm
                   SPBRGH   0x000f7f       data     extern C:\MCC18\SRC\TRADIT~1\PROC\p18f8722.asm
                  SPBRGH1   0x000f7f       data     extern C:\MCC18\SRC\TRADIT~1\PROC\p18f8722.asm
                  SPBRGH2   0x000f7d       data     extern C:\MCC18\SRC\TRADIT~1\PROC\p18f8722.asm
          SPI_Rx_Buffer_0   0x000140       data     extern C:\2008 FRC\frc_library\ifi_frc_library.c
          SPI_Rx_Buffer_1   0x000160       data     extern C:\2008 FRC\frc_library\ifi_frc_library.c
          SPI_Tx_Buffer_0   0x000100       data     extern C:\2008 FRC\frc_library\ifi_frc_library.c
          SPI_Tx_Buffer_1   0x000120       data     extern C:\2008 FRC\frc_library\ifi_frc_library.c
                  SSP1ADD   0x000fc8       data     extern C:\MCC18\SRC\TRADIT~1\PROC\p18f8722.asm
                  SSP1BUF   0x000fc9       data     extern C:\MCC18\SRC\TRADIT~1\PROC\p18f8722.asm
                 SSP1CON1   0x000fc6       data     extern C:\MCC18\SRC\TRADIT~1\PROC\p18f8722.asm
             SSP1CON1bits   0x000fc6       data     extern C:\MCC18\SRC\TRADIT~1\PROC\p18f8722.asm
                 SSP1CON2   0x000fc5       data     extern C:\MCC18\SRC\TRADIT~1\PROC\p18f8722.asm
             SSP1CON2bits   0x000fc5       data     extern C:\MCC18\SRC\TRADIT~1\PROC\p18f8722.asm
                 SSP1STAT   0x000fc7       data     extern C:\MCC18\SRC\TRADIT~1\PROC\p18f8722.asm
             SSP1STATbits   0x000fc7       data     extern C:\MCC18\SRC\TRADIT~1\PROC\p18f8722.asm
                  SSP2ADD   0x000f65       data     extern C:\MCC18\SRC\TRADIT~1\PROC\p18f8722.asm
                  SSP2BUF   0x000f66       data     extern C:\MCC18\SRC\TRADIT~1\PROC\p18f8722.asm
                 SSP2CON1   0x000f63       data     extern C:\MCC18\SRC\TRADIT~1\PROC\p18f8722.asm
             SSP2CON1bits   0x000f63       data     extern C:\MCC18\SRC\TRADIT~1\PROC\p18f8722.asm
                 SSP2CON2   0x000f62       data     extern C:\MCC18\SRC\TRADIT~1\PROC\p18f8722.asm
             SSP2CON2bits   0x000f62       data     extern C:\MCC18\SRC\TRADIT~1\PROC\p18f8722.asm
                 SSP2STAT   0x000f64       data     extern C:\MCC18\SRC\TRADIT~1\PROC\p18f8722.asm
             SSP2STATbits   0x000f64       data     extern C:\MCC18\SRC\TRADIT~1\PROC\p18f8722.asm
                   SSPADD   0x000fc8       data     extern C:\MCC18\SRC\TRADIT~1\PROC\p18f8722.asm
                   SSPBUF   0x000fc9       data     extern C:\MCC18\SRC\TRADIT~1\PROC\p18f8722.asm
                  SSPCON1   0x000fc6       data     extern C:\MCC18\SRC\TRADIT~1\PROC\p18f8722.asm
              SSPCON1bits   0x000fc6       data     extern C:\MCC18\SRC\TRADIT~1\PROC\p18f8722.asm
                  SSPCON2   0x000fc5       data     extern C:\MCC18\SRC\TRADIT~1\PROC\p18f8722.asm
              SSPCON2bits   0x000fc5       data     extern C:\MCC18\SRC\TRADIT~1\PROC\p18f8722.asm
                  SSPSTAT   0x000fc7       data     extern C:\MCC18\SRC\TRADIT~1\PROC\p18f8722.asm
              SSPSTATbits   0x000fc7       data     extern C:\MCC18\SRC\TRADIT~1\PROC\p18f8722.asm
                   STATUS   0x000fd8       data     extern C:\MCC18\SRC\TRADIT~1\PROC\p18f8722.asm
               STATUSbits   0x000fd8       data     extern C:\MCC18\SRC\TRADIT~1\PROC\p18f8722.asm
                   STKPTR   0x000ffc       data     extern C:\MCC18\SRC\TRADIT~1\PROC\p18f8722.asm
               STKPTRbits   0x000ffc       data     extern C:\MCC18\SRC\TRADIT~1\PROC\p18f8722.asm
                    T0CON   0x000fd5       data     extern C:\MCC18\SRC\TRADIT~1\PROC\p18f8722.asm
                T0CONbits   0x000fd5       data     extern C:\MCC18\SRC\TRADIT~1\PROC\p18f8722.asm
                    T1CON   0x000fcd       data     extern C:\MCC18\SRC\TRADIT~1\PROC\p18f8722.asm
                T1CONbits   0x000fcd       data     extern C:\MCC18\SRC\TRADIT~1\PROC\p18f8722.asm
                    T2CON   0x000fca       data     extern C:\MCC18\SRC\TRADIT~1\PROC\p18f8722.asm
                T2CONbits   0x000fca       data     extern C:\MCC18\SRC\TRADIT~1\PROC\p18f8722.asm
                    T3CON   0x000fb1       data     extern C:\MCC18\SRC\TRADIT~1\PROC\p18f8722.asm
                T3CONbits   0x000fb1       data     extern C:\MCC18\SRC\TRADIT~1\PROC\p18f8722.asm
                    T4CON   0x000f76       data     extern C:\MCC18\SRC\TRADIT~1\PROC\p18f8722.asm
                T4CONbits   0x000f76       data     extern C:\MCC18\SRC\TRADIT~1\PROC\p18f8722.asm
                   TABLAT   0x000ff5       data     extern C:\MCC18\SRC\TRADIT~1\PROC\p18f8722.asm
                   TBLPTR   0x000ff6       data     extern C:\MCC18\SRC\TRADIT~1\PROC\p18f8722.asm
                  TBLPTRH   0x000ff7       data     extern C:\MCC18\SRC\TRADIT~1\PROC\p18f8722.asm
                  TBLPTRL   0x000ff6       data     extern C:\MCC18\SRC\TRADIT~1\PROC\p18f8722.asm
                  TBLPTRU   0x000ff8       data     extern C:\MCC18\SRC\TRADIT~1\PROC\p18f8722.asm
                    TMR0H   0x000fd7       data     extern C:\MCC18\SRC\TRADIT~1\PROC\p18f8722.asm
                    TMR0L   0x000fd6       data     extern C:\MCC18\SRC\TRADIT~1\PROC\p18f8722.asm
                    TMR1H   0x000fcf       data     extern C:\MCC18\SRC\TRADIT~1\PROC\p18f8722.asm
                    TMR1L   0x000fce       data     extern C:\MCC18\SRC\TRADIT~1\PROC\p18f8722.asm
                     TMR2   0x000fcc       data     extern C:\MCC18\SRC\TRADIT~1\PROC\p18f8722.asm
                    TMR3H   0x000fb3       data     extern C:\MCC18\SRC\TRADIT~1\PROC\p18f8722.asm
                    TMR3L   0x000fb2       data     extern C:\MCC18\SRC\TRADIT~1\PROC\p18f8722.asm
                     TMR4   0x000f78       data     extern C:\MCC18\SRC\TRADIT~1\PROC\p18f8722.asm
                      TOS   0x000ffd       data     extern C:\MCC18\SRC\TRADIT~1\PROC\p18f8722.asm
                     TOSH   0x000ffe       data     extern C:\MCC18\SRC\TRADIT~1\PROC\p18f8722.asm
                     TOSL   0x000ffd       data     extern C:\MCC18\SRC\TRADIT~1\PROC\p18f8722.asm
                     TOSU   0x000fff       data     extern C:\MCC18\SRC\TRADIT~1\PROC\p18f8722.asm
                    TRISA   0x000f92       data     extern C:\MCC18\SRC\TRADIT~1\PROC\p18f8722.asm
                TRISAbits   0x000f92       data     extern C:\MCC18\SRC\TRADIT~1\PROC\p18f8722.asm
                    TRISB   0x000f93       data     extern C:\MCC18\SRC\TRADIT~1\PROC\p18f8722.asm
                TRISBbits   0x000f93       data     extern C:\MCC18\SRC\TRADIT~1\PROC\p18f8722.asm
                    TRISC   0x000f94       data     extern C:\MCC18\SRC\TRADIT~1\PROC\p18f8722.asm
                TRISCbits   0x000f94       data     extern C:\MCC18\SRC\TRADIT~1\PROC\p18f8722.asm
                    TRISD   0x000f95       data     extern C:\MCC18\SRC\TRADIT~1\PROC\p18f8722.asm
                TRISDbits   0x000f95       data     extern C:\MCC18\SRC\TRADIT~1\PROC\p18f8722.asm
                    TRISE   0x000f96       data     extern C:\MCC18\SRC\TRADIT~1\PROC\p18f8722.asm
                TRISEbits   0x000f96       data     extern C:\MCC18\SRC\TRADIT~1\PROC\p18f8722.asm
                    TRISF   0x000f97       data     extern C:\MCC18\SRC\TRADIT~1\PROC\p18f8722.asm
                TRISFbits   0x000f97       data     extern C:\MCC18\SRC\TRADIT~1\PROC\p18f8722.asm
                    TRISG   0x000f98       data     extern C:\MCC18\SRC\TRADIT~1\PROC\p18f8722.asm
                TRISGbits   0x000f98       data     extern C:\MCC18\SRC\TRADIT~1\PROC\p18f8722.asm
                    TRISH   0x000f99       data     extern C:\MCC18\SRC\TRADIT~1\PROC\p18f8722.asm
                TRISHbits   0x000f99       data     extern C:\MCC18\SRC\TRADIT~1\PROC\p18f8722.asm
                    TRISJ   0x000f9a       data     extern C:\MCC18\SRC\TRADIT~1\PROC\p18f8722.asm
                TRISJbits   0x000f9a       data     extern C:\MCC18\SRC\TRADIT~1\PROC\p18f8722.asm
                    TXREG   0x000fad       data     extern C:\MCC18\SRC\TRADIT~1\PROC\p18f8722.asm
                   TXREG1   0x000fad       data     extern C:\MCC18\SRC\TRADIT~1\PROC\p18f8722.asm
                   TXREG2   0x000f6d       data     extern C:\MCC18\SRC\TRADIT~1\PROC\p18f8722.asm
                    TXSTA   0x000fac       data     extern C:\MCC18\SRC\TRADIT~1\PROC\p18f8722.asm
                   TXSTA1   0x000fac       data     extern C:\MCC18\SRC\TRADIT~1\PROC\p18f8722.asm
               TXSTA1bits   0x000fac       data     extern C:\MCC18\SRC\TRADIT~1\PROC\p18f8722.asm
                   TXSTA2   0x000f6c       data     extern C:\MCC18\SRC\TRADIT~1\PROC\p18f8722.asm
               TXSTA2bits   0x000f6c       data     extern C:\MCC18\SRC\TRADIT~1\PROC\p18f8722.asm
                TXSTAbits   0x000fac       data     extern C:\MCC18\SRC\TRADIT~1\PROC\p18f8722.asm
               Tx_1_Queue   0x000080       data     extern C:\nemo\serial_ports.c   
    Tx_1_Queue_Byte_Count   0x0000ec       data     extern C:\nemo\serial_ports.c   
         Tx_1_Queue_Empty   0x0000e9       data     extern C:\nemo\serial_ports.c   
          Tx_1_Queue_Full   0x0000e8       data     extern C:\nemo\serial_ports.c   
    Tx_1_Queue_Read_Index   0x0000ea       data     extern C:\nemo\serial_ports.c   
   Tx_1_Queue_Write_Index   0x0000eb       data     extern C:\nemo\serial_ports.c   
               Tx_2_Queue   0x0000c0       data     extern C:\nemo\serial_ports.c   
    Tx_2_Queue_Byte_Count   0x0000f8       data     extern C:\nemo\serial_ports.c   
         Tx_2_Queue_Empty   0x0000f5       data     extern C:\nemo\serial_ports.c   
          Tx_2_Queue_Full   0x0000f4       data     extern C:\nemo\serial_ports.c   
    Tx_2_Queue_Read_Index   0x0000f6       data     extern C:\nemo\serial_ports.c   
   Tx_2_Queue_Write_Index   0x0000f7       data     extern C:\nemo\serial_ports.c   
                   WDTCON   0x000fd1       data     extern C:\MCC18\SRC\TRADIT~1\PROC\p18f8722.asm
               WDTCONbits   0x000fd1       data     extern C:\MCC18\SRC\TRADIT~1\PROC\p18f8722.asm
                     WREG   0x000fe8       data     extern C:\MCC18\SRC\TRADIT~1\PROC\p18f8722.asm
                 __AARGB0   0x000039       data     extern C:\MCC18\SRC\TRADIT~1\MATH\aarg.asm
                 __AARGB1   0x000038       data     extern C:\MCC18\SRC\TRADIT~1\MATH\aarg.asm
                 __AARGB2   0x000037       data     extern C:\MCC18\SRC\TRADIT~1\MATH\aarg.asm
                 __AARGB3   0x000036       data     extern C:\MCC18\SRC\TRADIT~1\MATH\aarg.asm
                 __AARGB4   0x000035       data     extern C:\MCC18\SRC\TRADIT~1\MATH\aarg.asm
                 __AARGB5   0x000034       data     extern C:\MCC18\SRC\TRADIT~1\MATH\aarg.asm
                 __AARGB6   0x000033       data     extern C:\MCC18\SRC\TRADIT~1\MATH\aarg.asm
                 __AARGB7   0x000032       data     extern C:\MCC18\SRC\TRADIT~1\MATH\aarg.asm
                   __AEXP   0x00003a       data     extern C:\MCC18\SRC\TRADIT~1\MATH\aarg.asm
                 __BARGB0   0x00003e       data     extern C:\MCC18\SRC\TRADIT~1\MATH\barg.asm
                 __BARGB1   0x00003d       data     extern C:\MCC18\SRC\TRADIT~1\MATH\barg.asm
                 __BARGB2   0x00003c       data     extern C:\MCC18\SRC\TRADIT~1\MATH\barg.asm
                 __BARGB3   0x00003b       data     extern C:\MCC18\SRC\TRADIT~1\MATH\barg.asm
                   __BEXP   0x00003f       data     extern C:\MCC18\SRC\TRADIT~1\MATH\barg.asm
                __FPFLAGS   0x000031       data     extern C:\MCC18\SRC\TRADIT~1\MATH\cmath18.asm
            __FPFLAGSbits   0x000031       data     extern C:\MCC18\SRC\TRADIT~1\MATH\cmath18.asm
                  __REMB0   0x000035       data     extern C:\MCC18\SRC\TRADIT~1\MATH\aarg.asm
                  __REMB1   0x000034       data     extern C:\MCC18\SRC\TRADIT~1\MATH\aarg.asm
                  __REMB2   0x000033       data     extern C:\MCC18\SRC\TRADIT~1\MATH\aarg.asm
                  __REMB3   0x000032       data     extern C:\MCC18\SRC\TRADIT~1\MATH\aarg.asm
                   __TEMP   0x000043       data     extern C:\MCC18\SRC\TRADIT~1\MATH\temparg.asm
                 __TEMPB0   0x000043       data     extern C:\MCC18\SRC\TRADIT~1\MATH\temparg.asm
                 __TEMPB1   0x000042       data     extern C:\MCC18\SRC\TRADIT~1\MATH\temparg.asm
                 __TEMPB2   0x000041       data     extern C:\MCC18\SRC\TRADIT~1\MATH\temparg.asm
                 __TEMPB3   0x000040       data     extern C:\MCC18\SRC\TRADIT~1\MATH\temparg.asm
                  __tmp_0   0x000000       data     static C:\MCC18\src\TRADIT~1\stdclib\printf.c
                  __tmp_0   0x000000       data     static C:\MCC18\src\TRADIT~1\pmc\ADC\adcread.c
                  __tmp_0   0x000000       data     static C:\MCC18\src\TRADIT~1\stdclib\vfprintf.c
                  __tmp_0   0x000000       data     static C:\MCC18\src\TRADIT~1\stdclib\putc.c
                  __tmp_0   0x000000       data     static C:\nemo\auto_util.c      
                  __tmp_0   0x000000       data     static C:\nemo\autonomous.c     
                  __tmp_0   0x000000       data     static C:\nemo\ifi_code.c       
                  __tmp_0   0x000000       data     static C:\nemo\pwm.c            
                  __tmp_0   0x000000       data     static C:\nemo\teleop.c         
                  __tmp_0   0x000000       data     static C:\nemo\arm.c            
                  __tmp_0   0x000000       data     static C:\nemo\mecanum.c        
                  __tmp_0   0x000000       data     static C:\nemo\action.c         
                  __tmp_0   0x000000       data     static C:\nemo\pneumatics.c     
                    alpha   0x00023e       data     extern C:\nemo\mecanum.c        
             armDownSpeed   0x0002c8       data     extern C:\nemo\arm.c            
           armSideOfStore   0x0002c4       data     extern C:\nemo\arm.c            
               armUpSpeed   0x0002c6       data     extern C:\nemo\arm.c            
        auto_move_allowed   0x0001f7       data     static C:\nemo\autonomous.c     
     autonomous_init_flag   0x0002da       data     static C:\nemo\ifi_frc.c        
                    count   0x00018a       data     static C:\2008 FRC\frc_library\ifi_frc_library.c
                curr_byte   0x0002d1       data     static C:\nemo\ifi_frc.c        
               curr_entry   0x0002d3       data     static C:\nemo\ifi_frc.c        
          currentArmState   0x0002c2       data     extern C:\nemo\arm.c            
                 data_ptr   0x0002d5       data     static C:\nemo\ifi_frc.c        
                 deadzone   0x000200       data     extern C:\nemo\mecanum.c        
                deadzone2   0x000204       data     extern C:\nemo\mecanum.c        
          defaultdeadzone   0x000202       data     extern C:\nemo\mecanum.c        
                direction   0x0000fd       data     extern C:\nemo\arm.c            
       disabled_init_flag   0x0002d9       data     static C:\nemo\ifi_frc.c        
         has_been_tripped   0x0001f0       data     static C:\nemo\auto_util.c      
         has_been_tripped   0x0001e9       data     static C:\nemo\auto_util.c      
            inProgToState   0x0000fb       data     extern C:\nemo\arm.c            
                 isStowed   0x0000ff       data     extern C:\nemo\teleop.c         
     is_displace_catching   0x0001d7       data     extern C:\nemo\auto_util.c      
            is_first_call   0x0001e5       data     static C:\nemo\auto_util.c      
            is_first_call   0x0001e7       data     static C:\nemo\auto_util.c      
            is_first_call   0x0001ee       data     static C:\nemo\auto_util.c      
            is_first_call   0x0001f5       data     static C:\nemo\auto_util.c      
            is_first_call   0x0001dd       data     static C:\nemo\auto_util.c      
            is_first_call   0x0001e3       data     static C:\nemo\auto_util.c      
            is_first_call   0x0001e1       data     static C:\nemo\auto_util.c      
              is_hurdling   0x0001cd       data     extern C:\nemo\auto_util.c      
               is_placing   0x0001cf       data     extern C:\nemo\auto_util.c      
             is_preparing   0x0001d1       data     extern C:\nemo\auto_util.c      
             is_releasing   0x0001d3       data     extern C:\nemo\auto_util.c      
        is_software_drive   0x0001d9       data     extern C:\nemo\auto_util.c      
               is_stowing   0x0001d5       data     extern C:\nemo\auto_util.c      
                      jsh   0x00020a       data     extern C:\nemo\mecanum.c        
                     jsh2   0x000210       data     extern C:\nemo\mecanum.c        
                      jsr   0x00020e       data     extern C:\nemo\mecanum.c        
                     jsr2   0x000214       data     extern C:\nemo\mecanum.c        
                      jsv   0x00020c       data     extern C:\nemo\mecanum.c        
                     jsv2   0x000212       data     extern C:\nemo\mecanum.c        
        last_command_time   0x0001fb       data     static C:\nemo\autonomous.c     
                lastp1top   0x000246       data     extern C:\nemo\mecanum.c        
               lastp1trig   0x000242       data     extern C:\nemo\mecanum.c        
                lastp2top   0x000247       data     extern C:\nemo\mecanum.c        
               lastp2trig   0x000243       data     extern C:\nemo\mecanum.c        
                lastp3top   0x000248       data     extern C:\nemo\mecanum.c        
               lastp3trig   0x000244       data     extern C:\nemo\mecanum.c        
               lastp4down   0x00024d       data     extern C:\nemo\mecanum.c        
               lastp4left   0x00024e       data     extern C:\nemo\mecanum.c        
         lastp4leftbutton   0x00024a       data     extern C:\nemo\mecanum.c        
              lastp4right   0x00024f       data     extern C:\nemo\mecanum.c        
        lastp4rightbutton   0x00024b       data     extern C:\nemo\mecanum.c        
                lastp4top   0x000249       data     extern C:\nemo\mecanum.c        
               lastp4trig   0x000245       data     extern C:\nemo\mecanum.c        
                 lastp4up   0x00024c       data     extern C:\nemo\mecanum.c        
                  lfratio   0x00021e       data     extern C:\nemo\mecanum.c        
                 lfratio2   0x00022e       data     extern C:\nemo\mecanum.c        
             lfratiocount   0x00023a       data     extern C:\nemo\mecanum.c        
            limited_value   0x0002de       data     static C:\nemo\ifi_code.c       
                  lrratio   0x000222       data     extern C:\nemo\mecanum.c        
                 lrratio2   0x000232       data     extern C:\nemo\mecanum.c        
             lrratiocount   0x00023c       data     extern C:\nemo\mecanum.c        
                 maxSpeed   0x0001fd       data     extern C:\nemo\teleop.c         
                 minSpeed   0x000206       data     extern C:\nemo\mecanum.c        
[...]
                TRISCbits   0x000f94       data     extern C:\MCC18\SRC\TRADIT~1\PROC\p18f8722.asm
                    TRISD   0x000f95       data     extern C:\MCC18\SRC\TRADIT~1\PROC\p18f8722.asm
                TRISDbits   0x000f95       data     extern C:\MCC18\SRC\TRADIT~1\PROC\p18f8722.asm
                 DDRDbits   0x000f95       data     extern C:\MCC18\SRC\TRADIT~1\PROC\p18f8722.asm
                     DDRD   0x000f95       data     extern C:\MCC18\SRC\TRADIT~1\PROC\p18f8722.asm
                 DDREbits   0x000f96       data     extern C:\MCC18\SRC\TRADIT~1\PROC\p18f8722.asm
                     DDRE   0x000f96       data     extern C:\MCC18\SRC\TRADIT~1\PROC\p18f8722.asm
                    TRISE   0x000f96       data     extern C:\MCC18\SRC\TRADIT~1\PROC\p18f8722.asm
                TRISEbits   0x000f96       data     extern C:\MCC18\SRC\TRADIT~1\PROC\p18f8722.asm
                     DDRF   0x000f97       data     extern C:\MCC18\SRC\TRADIT~1\PROC\p18f8722.asm
                 DDRFbits   0x000f97       data     extern C:\MCC18\SRC\TRADIT~1\PROC\p18f8722.asm
                    TRISF   0x000f97       data     extern C:\MCC18\SRC\TRADIT~1\PROC\p18f8722.asm
                TRISFbits   0x000f97       data     extern C:\MCC18\SRC\TRADIT~1\PROC\p18f8722.asm
                     DDRG   0x000f98       data     extern C:\MCC18\SRC\TRADIT~1\PROC\p18f8722.asm
                TRISGbits   0x000f98       data     extern C:\MCC18\SRC\TRADIT~1\PROC\p18f8722.asm
                 DDRGbits   0x000f98       data     extern C:\MCC18\SRC\TRADIT~1\PROC\p18f8722.asm
                    TRISG   0x000f98       data     extern C:\MCC18\SRC\TRADIT~1\PROC\p18f8722.asm
                TRISHbits   0x000f99       data     extern C:\MCC18\SRC\TRADIT~1\PROC\p18f8722.asm
                    TRISH   0x000f99       data     extern C:\MCC18\SRC\TRADIT~1\PROC\p18f8722.asm
                     DDRH   0x000f99       data     extern C:\MCC18\SRC\TRADIT~1\PROC\p18f8722.asm
                 DDRHbits   0x000f99       data     extern C:\MCC18\SRC\TRADIT~1\PROC\p18f8722.asm
                TRISJbits   0x000f9a       data     extern C:\MCC18\SRC\TRADIT~1\PROC\p18f8722.asm
                    TRISJ   0x000f9a       data     extern C:\MCC18\SRC\TRADIT~1\PROC\p18f8722.asm
                     DDRJ   0x000f9a       data     extern C:\MCC18\SRC\TRADIT~1\PROC\p18f8722.asm
                 DDRJbits   0x000f9a       data     extern C:\MCC18\SRC\TRADIT~1\PROC\p18f8722.asm
              OSCTUNEbits   0x000f9b       data     extern C:\MCC18\SRC\TRADIT~1\PROC\p18f8722.asm
                  OSCTUNE   0x000f9b       data     extern C:\MCC18\SRC\TRADIT~1\PROC\p18f8722.asm
                   MEMCON   0x000f9c       data     extern C:\MCC18\SRC\TRADIT~1\PROC\p18f8722.asm
               MEMCONbits   0x000f9c       data     extern C:\MCC18\SRC\TRADIT~1\PROC\p18f8722.asm
                     PIE1   0x000f9d       data     extern C:\MCC18\SRC\TRADIT~1\PROC\p18f8722.asm
                 PIE1bits   0x000f9d       data     extern C:\MCC18\SRC\TRADIT~1\PROC\p18f8722.asm
                 PIR1bits   0x000f9e       data     extern C:\MCC18\SRC\TRADIT~1\PROC\p18f8722.asm
                     PIR1   0x000f9e       data     extern C:\MCC18\SRC\TRADIT~1\PROC\p18f8722.asm
                     IPR1   0x000f9f       data     extern C:\MCC18\SRC\TRADIT~1\PROC\p18f8722.asm
                 IPR1bits   0x000f9f       data     extern C:\MCC18\SRC\TRADIT~1\PROC\p18f8722.asm
                     PIE2   0x000fa0       data     extern C:\MCC18\SRC\TRADIT~1\PROC\p18f8722.asm
                 PIE2bits   0x000fa0       data     extern C:\MCC18\SRC\TRADIT~1\PROC\p18f8722.asm
                 PIR2bits   0x000fa1       data     extern C:\MCC18\SRC\TRADIT~1\PROC\p18f8722.asm
                     PIR2   0x000fa1       data     extern C:\MCC18\SRC\TRADIT~1\PROC\p18f8722.asm
                 IPR2bits   0x000fa2       data     extern C:\MCC18\SRC\TRADIT~1\PROC\p18f8722.asm
                     IPR2   0x000fa2       data     extern C:\MCC18\SRC\TRADIT~1\PROC\p18f8722.asm
                 PIE3bits   0x000fa3       data     extern C:\MCC18\SRC\TRADIT~1\PROC\p18f8722.asm
                     PIE3   0x000fa3       data     extern C:\MCC18\SRC\TRADIT~1\PROC\p18f8722.asm
                 PIR3bits   0x000fa4       data     extern C:\MCC18\SRC\TRADIT~1\PROC\p18f8722.asm
                     PIR3   0x000fa4       data     extern C:\MCC18\SRC\TRADIT~1\PROC\p18f8722.asm
                 IPR3bits   0x000fa5       data     extern C:\MCC18\SRC\TRADIT~1\PROC\p18f8722.asm
                     IPR3   0x000fa5       data     extern C:\MCC18\SRC\TRADIT~1\PROC\p18f8722.asm
               EECON1bits   0x000fa6       data     extern C:\MCC18\SRC\TRADIT~1\PROC\p18f8722.asm
                   EECON1   0x000fa6       data     extern C:\MCC18\SRC\TRADIT~1\PROC\p18f8722.asm
                   EECON2   0x000fa7       data     extern C:\MCC18\SRC\TRADIT~1\PROC\p18f8722.asm
                   EEDATA   0x000fa8       data     extern C:\MCC18\SRC\TRADIT~1\PROC\p18f8722.asm
                    EEADR   0x000fa9       data     extern C:\MCC18\SRC\TRADIT~1\PROC\p18f8722.asm
                   EEADRH   0x000faa       data     extern C:\MCC18\SRC\TRADIT~1\PROC\p18f8722.asm
                RCSTAbits   0x000fab       data     extern C:\MCC18\SRC\TRADIT~1\PROC\p18f8722.asm
               RCSTA1bits   0x000fab       data     extern C:\MCC18\SRC\TRADIT~1\PROC\p18f8722.asm
                   RCSTA1   0x000fab       data     extern C:\MCC18\SRC\TRADIT~1\PROC\p18f8722.asm
                    RCSTA   0x000fab       data     extern C:\MCC18\SRC\TRADIT~1\PROC\p18f8722.asm
                TXSTAbits   0x000fac       data     extern C:\MCC18\SRC\TRADIT~1\PROC\p18f8722.asm
                    TXSTA   0x000fac       data     extern C:\MCC18\SRC\TRADIT~1\PROC\p18f8722.asm
               TXSTA1bits   0x000fac       data     extern C:\MCC18\SRC\TRADIT~1\PROC\p18f8722.asm
                   TXSTA1   0x000fac       data     extern C:\MCC18\SRC\TRADIT~1\PROC\p18f8722.asm
                   TXREG1   0x000fad       data     extern C:\MCC18\SRC\TRADIT~1\PROC\p18f8722.asm
                    TXREG   0x000fad       data     extern C:\MCC18\SRC\TRADIT~1\PROC\p18f8722.asm
                    RCREG   0x000fae       data     extern C:\MCC18\SRC\TRADIT~1\PROC\p18f8722.asm
                   RCREG1   0x000fae       data     extern C:\MCC18\SRC\TRADIT~1\PROC\p18f8722.asm
                   SPBRG1   0x000faf       data     extern C:\MCC18\SRC\TRADIT~1\PROC\p18f8722.asm
                    SPBRG   0x000faf       data     extern C:\MCC18\SRC\TRADIT~1\PROC\p18f8722.asm
                   PSPCON   0x000fb0       data     extern C:\MCC18\SRC\TRADIT~1\PROC\p18f8722.asm
               PSPCONbits   0x000fb0       data     extern C:\MCC18\SRC\TRADIT~1\PROC\p18f8722.asm
                T3CONbits   0x000fb1       data     extern C:\MCC18\SRC\TRADIT~1\PROC\p18f8722.asm
                    T3CON   0x000fb1       data     extern C:\MCC18\SRC\TRADIT~1\PROC\p18f8722.asm
                    TMR3L   0x000fb2       data     extern C:\MCC18\SRC\TRADIT~1\PROC\p18f8722.asm
                    TMR3H   0x000fb3       data     extern C:\MCC18\SRC\TRADIT~1\PROC\p18f8722.asm
                    CMCON   0x000fb4       data     extern C:\MCC18\SRC\TRADIT~1\PROC\p18f8722.asm
                CMCONbits   0x000fb4       data     extern C:\MCC18\SRC\TRADIT~1\PROC\p18f8722.asm
               CVRCONbits   0x000fb5       data     extern C:\MCC18\SRC\TRADIT~1\PROC\p18f8722.asm
                   CVRCON   0x000fb5       data     extern C:\MCC18\SRC\TRADIT~1\PROC\p18f8722.asm
                  ECCP1AS   0x000fb6       data     extern C:\MCC18\SRC\TRADIT~1\PROC\p18f8722.asm
              ECCP1ASbits   0x000fb6       data     extern C:\MCC18\SRC\TRADIT~1\PROC\p18f8722.asm
                 ECCP3CON   0x000fb7       data     extern C:\MCC18\SRC\TRADIT~1\PROC\p18f8722.asm
                  CCP3CON   0x000fb7       data     extern C:\MCC18\SRC\TRADIT~1\PROC\p18f8722.asm
             ECCP3CONbits   0x000fb7       data     extern C:\MCC18\SRC\TRADIT~1\PROC\p18f8722.asm
              CCP3CONbits   0x000fb7       data     extern C:\MCC18\SRC\TRADIT~1\PROC\p18f8722.asm
                   CCPR3L   0x000fb8       data     extern C:\MCC18\SRC\TRADIT~1\PROC\p18f8722.asm
                    CCPR3   0x000fb8       data     extern C:\MCC18\SRC\TRADIT~1\PROC\p18f8722.asm
                   CCPR3H   0x000fb9       data     extern C:\MCC18\SRC\TRADIT~1\PROC\p18f8722.asm
             ECCP2CONbits   0x000fba       data     extern C:\MCC18\SRC\TRADIT~1\PROC\p18f8722.asm
                 ECCP2CON   0x000fba       data     extern C:\MCC18\SRC\TRADIT~1\PROC\p18f8722.asm
              CCP2CONbits   0x000fba       data     extern C:\MCC18\SRC\TRADIT~1\PROC\p18f8722.asm
                  CCP2CON   0x000fba       data     extern C:\MCC18\SRC\TRADIT~1\PROC\p18f8722.asm
                   CCPR2L   0x000fbb       data     extern C:\MCC18\SRC\TRADIT~1\PROC\p18f8722.asm
                    CCPR2   0x000fbb       data     extern C:\MCC18\SRC\TRADIT~1\PROC\p18f8722.asm
                   CCPR2H   0x000fbc       data     extern C:\MCC18\SRC\TRADIT~1\PROC\p18f8722.asm
                  CCP1CON   0x000fbd       data     extern C:\MCC18\SRC\TRADIT~1\PROC\p18f8722.asm
              CCP1CONbits   0x000fbd       data     extern C:\MCC18\SRC\TRADIT~1\PROC\p18f8722.asm
                 ECCP1CON   0x000fbd       data     extern C:\MCC18\SRC\TRADIT~1\PROC\p18f8722.asm
             ECCP1CONbits   0x000fbd       data     extern C:\MCC18\SRC\TRADIT~1\PROC\p18f8722.asm
                   CCPR1L   0x000fbe       data     extern C:\MCC18\SRC\TRADIT~1\PROC\p18f8722.asm
                    CCPR1   0x000fbe       data     extern C:\MCC18\SRC\TRADIT~1\PROC\p18f8722.asm
                   CCPR1H   0x000fbf       data     extern C:\MCC18\SRC\TRADIT~1\PROC\p18f8722.asm
               ADCON2bits   0x000fc0       data     extern C:\MCC18\SRC\TRADIT~1\PROC\p18f8722.asm
                   ADCON2   0x000fc0       data     extern C:\MCC18\SRC\TRADIT~1\PROC\p18f8722.asm
               ADCON1bits   0x000fc1       data     extern C:\MCC18\SRC\TRADIT~1\PROC\p18f8722.asm
                   ADCON1   0x000fc1       data     extern C:\MCC18\SRC\TRADIT~1\PROC\p18f8722.asm
                   ADCON0   0x000fc2       data     extern C:\MCC18\SRC\TRADIT~1\PROC\p18f8722.asm
               ADCON0bits   0x000fc2       data     extern C:\MCC18\SRC\TRADIT~1\PROC\p18f8722.asm
                    ADRES   0x000fc3       data     extern C:\MCC18\SRC\TRADIT~1\PROC\p18f8722.asm
                   ADRESL   0x000fc3       data     extern C:\MCC18\SRC\TRADIT~1\PROC\p18f8722.asm
                   ADRESH   0x000fc4       data     extern C:\MCC18\SRC\TRADIT~1\PROC\p18f8722.asm
                 SSP1CON2   0x000fc5       data     extern C:\MCC18\SRC\TRADIT~1\PROC\p18f8722.asm
             SSP1CON2bits   0x000fc5       data     extern C:\MCC18\SRC\TRADIT~1\PROC\p18f8722.asm
                  SSPCON2   0x000fc5       data     extern C:\MCC18\SRC\TRADIT~1\PROC\p18f8722.asm
              SSPCON2bits   0x000fc5       data     extern C:\MCC18\SRC\TRADIT~1\PROC\p18f8722.asm
                 SSP1CON1   0x000fc6       data     extern C:\MCC18\SRC\TRADIT~1\PROC\p18f8722.asm
             SSP1CON1bits   0x000fc6       data     extern C:\MCC18\SRC\TRADIT~1\PROC\p18f8722.asm
                  SSPCON1   0x000fc6       data     extern C:\MCC18\SRC\TRADIT~1\PROC\p18f8722.asm
              SSPCON1bits   0x000fc6       data     extern C:\MCC18\SRC\TRADIT~1\PROC\p18f8722.asm
                 SSP1STAT   0x000fc7       data     extern C:\MCC18\SRC\TRADIT~1\PROC\p18f8722.asm
             SSP1STATbits   0x000fc7       data     extern C:\MCC18\SRC\TRADIT~1\PROC\p18f8722.asm
                  SSPSTAT   0x000fc7       data     extern C:\MCC18\SRC\TRADIT~1\PROC\p18f8722.asm
              SSPSTATbits   0x000fc7       data     extern C:\MCC18\SRC\TRADIT~1\PROC\p18f8722.asm
                   SSPADD   0x000fc8       data     extern C:\MCC18\SRC\TRADIT~1\PROC\p18f8722.asm
                  SSP1ADD   0x000fc8       data     extern C:\MCC18\SRC\TRADIT~1\PROC\p18f8722.asm
                   SSPBUF   0x000fc9       data     extern C:\MCC18\SRC\TRADIT~1\PROC\p18f8722.asm
                  SSP1BUF   0x000fc9       data     extern C:\MCC18\SRC\TRADIT~1\PROC\p18f8722.asm
                T2CONbits   0x000fca       data     extern C:\MCC18\SRC\TRADIT~1\PROC\p18f8722.asm
                    T2CON   0x000fca       data     extern C:\MCC18\SRC\TRADIT~1\PROC\p18f8722.asm
                      PR2   0x000fcb       data     extern C:\MCC18\SRC\TRADIT~1\PROC\p18f8722.asm
                     TMR2   0x000fcc       data     extern C:\MCC18\SRC\TRADIT~1\PROC\p18f8722.asm
                    T1CON   0x000fcd       data     extern C:\MCC18\SRC\TRADIT~1\PROC\p18f8722.asm
                T1CONbits   0x000fcd       data     extern C:\MCC18\SRC\TRADIT~1\PROC\p18f8722.asm
                    TMR1L   0x000fce       data     extern C:\MCC18\SRC\TRADIT~1\PROC\p18f8722.asm
                    TMR1H   0x000fcf       data     extern C:\MCC18\SRC\TRADIT~1\PROC\p18f8722.asm
                 RCONbits   0x000fd0       data     extern C:\MCC18\SRC\TRADIT~1\PROC\p18f8722.asm
                     RCON   0x000fd0       data     extern C:\MCC18\SRC\TRADIT~1\PROC\p18f8722.asm
               WDTCONbits   0x000fd1       data     extern C:\MCC18\SRC\TRADIT~1\PROC\p18f8722.asm
                   WDTCON   0x000fd1       data     extern C:\MCC18\SRC\TRADIT~1\PROC\p18f8722.asm
                  HLVDCON   0x000fd2       data     extern C:\MCC18\SRC\TRADIT~1\PROC\p18f8722.asm
              HLVDCONbits   0x000fd2       data     extern C:\MCC18\SRC\TRADIT~1\PROC\p18f8722.asm
                   LVDCON   0x000fd2       data     extern C:\MCC18\SRC\TRADIT~1\PROC\p18f8722.asm
               LVDCONbits   0x000fd2       data     extern C:\MCC18\SRC\TRADIT~1\PROC\p18f8722.asm
                   OSCCON   0x000fd3       data     extern C:\MCC18\SRC\TRADIT~1\PROC\p18f8722.asm
               OSCCONbits   0x000fd3       data     extern C:\MCC18\SRC\TRADIT~1\PROC\p18f8722.asm
                    T0CON   0x000fd5       data     extern C:\MCC18\SRC\TRADIT~1\PROC\p18f8722.asm
                T0CONbits   0x000fd5       data     extern C:\MCC18\SRC\TRADIT~1\PROC\p18f8722.asm
                    TMR0L   0x000fd6       data     extern C:\MCC18\SRC\TRADIT~1\PROC\p18f8722.asm
                    TMR0H   0x000fd7       data     extern C:\MCC18\SRC\TRADIT~1\PROC\p18f8722.asm
                   STATUS   0x000fd8       data     extern C:\MCC18\SRC\TRADIT~1\PROC\p18f8722.asm
               STATUSbits   0x000fd8       data     extern C:\MCC18\SRC\TRADIT~1\PROC\p18f8722.asm
                    FSR2L   0x000fd9       data     extern C:\MCC18\SRC\TRADIT~1\PROC\p18f8722.asm
                     FSR2   0x000fd9       data     extern C:\MCC18\SRC\TRADIT~1\PROC\p18f8722.asm
                    FSR2H   0x000fda       data     extern C:\MCC18\SRC\TRADIT~1\PROC\p18f8722.asm
                   PLUSW2   0x000fdb       data     extern C:\MCC18\SRC\TRADIT~1\PROC\p18f8722.asm
                  PREINC2   0x000fdc       data     extern C:\MCC18\SRC\TRADIT~1\PROC\p18f8722.asm
                 POSTDEC2   0x000fdd       data     extern C:\MCC18\SRC\TRADIT~1\PROC\p18f8722.asm
                 POSTINC2   0x000fde       data     extern C:\MCC18\SRC\TRADIT~1\PROC\p18f8722.asm
                    INDF2   0x000fdf       data     extern C:\MCC18\SRC\TRADIT~1\PROC\p18f8722.asm
                      BSR   0x000fe0       data     extern C:\MCC18\SRC\TRADIT~1\PROC\p18f8722.asm
                    FSR1L   0x000fe1       data     extern C:\MCC18\SRC\TRADIT~1\PROC\p18f8722.asm
                     FSR1   0x000fe1       data     extern C:\MCC18\SRC\TRADIT~1\PROC\p18f8722.asm
                    FSR1H   0x000fe2       data     extern C:\MCC18\SRC\TRADIT~1\PROC\p18f8722.asm
                   PLUSW1   0x000fe3       data     extern C:\MCC18\SRC\TRADIT~1\PROC\p18f8722.asm
                  PREINC1   0x000fe4       data     extern C:\MCC18\SRC\TRADIT~1\PROC\p18f8722.asm
                 POSTDEC1   0x000fe5       data     extern C:\MCC18\SRC\TRADIT~1\PROC\p18f8722.asm
                 POSTINC1   0x000fe6       data     extern C:\MCC18\SRC\TRADIT~1\PROC\p18f8722.asm
                    INDF1   0x000fe7       data     extern C:\MCC18\SRC\TRADIT~1\PROC\p18f8722.asm
                     WREG   0x000fe8       data     extern C:\MCC18\SRC\TRADIT~1\PROC\p18f8722.asm
                     FSR0   0x000fe9       data     extern C:\MCC18\SRC\TRADIT~1\PROC\p18f8722.asm
                    FSR0L   0x000fe9       data     extern C:\MCC18\SRC\TRADIT~1\PROC\p18f8722.asm
                    FSR0H   0x000fea       data     extern C:\MCC18\SRC\TRADIT~1\PROC\p18f8722.asm
                   PLUSW0   0x000feb       data     extern C:\MCC18\SRC\TRADIT~1\PROC\p18f8722.asm
                  PREINC0   0x000fec       data     extern C:\MCC18\SRC\TRADIT~1\PROC\p18f8722.asm
                 POSTDEC0   0x000fed       data     extern C:\MCC18\SRC\TRADIT~1\PROC\p18f8722.asm
                 POSTINC0   0x000fee       data     extern C:\MCC18\SRC\TRADIT~1\PROC\p18f8722.asm
                    INDF0   0x000fef       data     extern C:\MCC18\SRC\TRADIT~1\PROC\p18f8722.asm
                  INTCON3   0x000ff0       data     extern C:\MCC18\SRC\TRADIT~1\PROC\p18f8722.asm
              INTCON3bits   0x000ff0       data     extern C:\MCC18\SRC\TRADIT~1\PROC\p18f8722.asm
              INTCON2bits   0x000ff1       data     extern C:\MCC18\SRC\TRADIT~1\PROC\p18f8722.asm
                  INTCON2   0x000ff1       data     extern C:\MCC18\SRC\TRADIT~1\PROC\p18f8722.asm
                   INTCON   0x000ff2       data     extern C:\MCC18\SRC\TRADIT~1\PROC\p18f8722.asm
               INTCONbits   0x000ff2       data     extern C:\MCC18\SRC\TRADIT~1\PROC\p18f8722.asm
                     PROD   0x000ff3       data     extern C:\MCC18\SRC\TRADIT~1\PROC\p18f8722.asm
                    PRODL   0x000ff3       data     extern C:\MCC18\SRC\TRADIT~1\PROC\p18f8722.asm
                    PRODH   0x000ff4       data     extern C:\MCC18\SRC\TRADIT~1\PROC\p18f8722.asm
                   TABLAT   0x000ff5       data     extern C:\MCC18\SRC\TRADIT~1\PROC\p18f8722.asm
                   TBLPTR   0x000ff6       data     extern C:\MCC18\SRC\TRADIT~1\PROC\p18f8722.asm
                  TBLPTRL   0x000ff6       data     extern C:\MCC18\SRC\TRADIT~1\PROC\p18f8722.asm
                  TBLPTRH   0x000ff7       data     extern C:\MCC18\SRC\TRADIT~1\PROC\p18f8722.asm
                  TBLPTRU   0x000ff8       data     extern C:\MCC18\SRC\TRADIT~1\PROC\p18f8722.asm
                       PC   0x000ff9       data     extern C:\MCC18\SRC\TRADIT~1\PROC\p18f8722.asm
                      PCL   0x000ff9       data     extern C:\MCC18\SRC\TRADIT~1\PROC\p18f8722.asm
                   PCLATH   0x000ffa       data     extern C:\MCC18\SRC\TRADIT~1\PROC\p18f8722.asm
                   PCLATU   0x000ffb       data     extern C:\MCC18\SRC\TRADIT~1\PROC\p18f8722.asm
                   STKPTR   0x000ffc       data     extern C:\MCC18\SRC\TRADIT~1\PROC\p18f8722.asm
               STKPTRbits   0x000ffc       data     extern C:\MCC18\SRC\TRADIT~1\PROC\p18f8722.asm
                      TOS   0x000ffd       data     extern C:\MCC18\SRC\TRADIT~1\PROC\p18f8722.asm
                     TOSL   0x000ffd       data     extern C:\MCC18\SRC\TRADIT~1\PROC\p18f8722.asm
                     TOSH   0x000ffe       data     extern C:\MCC18\SRC\TRADIT~1\PROC\p18f8722.asm
                     TOSU   0x000fff       data     extern C:\MCC18\SRC\TRADIT~1\PROC\p18f8722.asm


